<?xml version="1.0" encoding="ISO-8859-1" ?>
<link_info>
   <banner>TMS320C2000 Linker PC v22.6.3.LTS</banner>
   <copyright>Copyright (c) 1996-2018 Texas Instruments Incorporated</copyright>
   <link_time>0x6997d8a0</link_time>
   <link_errors>0x0</link_errors>
   <output_file>RBX_ENC_INSP.out</output_file>
   <entry_point>
      <name>_c_int00</name>
      <address>0x8349d</address>
   </entry_point>
   <input_file_list>
      <input_file id="fl-2">
         <path>.\</path>
         <kind>object</kind>
         <file>main.obj</file>
         <name>main.obj</name>
      </input_file>
      <input_file id="fl-3">
         <path>.\CSU\</path>
         <kind>object</kind>
         <file>CSU_IPC.obj</file>
         <name>CSU_IPC.obj</name>
      </input_file>
      <input_file id="fl-4">
         <path>.\CSU\</path>
         <kind>object</kind>
         <file>CSU_LED.obj</file>
         <name>CSU_LED.obj</name>
      </input_file>
      <input_file id="fl-5">
         <path>.\CSU\</path>
         <kind>object</kind>
         <file>CSU_SSI.obj</file>
         <name>CSU_SSI.obj</name>
      </input_file>
      <input_file id="fl-6">
         <path>.\CSU\</path>
         <kind>object</kind>
         <file>CSU_Zero.obj</file>
         <name>CSU_Zero.obj</name>
      </input_file>
      <input_file id="fl-7">
         <path>.\Dev\</path>
         <kind>object</kind>
         <file>DevCommon.obj</file>
         <name>DevCommon.obj</name>
      </input_file>
      <input_file id="fl-8">
         <path>.\Dev\</path>
         <kind>object</kind>
         <file>DevDspInit.obj</file>
         <name>DevDspInit.obj</name>
      </input_file>
      <input_file id="fl-9">
         <path>.\Dev\</path>
         <kind>object</kind>
         <file>DevSci.obj</file>
         <name>DevSci.obj</name>
      </input_file>
      <input_file id="fl-a">
         <path>.\Dev\</path>
         <kind>object</kind>
         <file>DevSpi.obj</file>
         <name>DevSpi.obj</name>
      </input_file>
      <input_file id="fl-b">
         <path>.\Dev\</path>
         <kind>object</kind>
         <file>DevTimer.obj</file>
         <name>DevTimer.obj</name>
      </input_file>
      <input_file id="fl-c">
         <path>.\Dev\</path>
         <kind>object</kind>
         <file>easy28x_bitfield_v11.obj</file>
         <name>easy28x_bitfield_v11.obj</name>
      </input_file>
      <input_file id="fl-d">
         <path>.\SDK\common\source\</path>
         <kind>object</kind>
         <file>device.obj</file>
         <name>device.obj</name>
      </input_file>
      <input_file id="fl-e">
         <path>.\SDK\common\source\</path>
         <kind>object</kind>
         <file>f2838x_adc.obj</file>
         <name>f2838x_adc.obj</name>
      </input_file>
      <input_file id="fl-f">
         <path>.\SDK\common\source\</path>
         <kind>object</kind>
         <file>f2838x_codestartbranch.obj</file>
         <name>f2838x_codestartbranch.obj</name>
      </input_file>
      <input_file id="fl-10">
         <path>.\SDK\common\source\</path>
         <kind>object</kind>
         <file>f2838x_cputimers.obj</file>
         <name>f2838x_cputimers.obj</name>
      </input_file>
      <input_file id="fl-11">
         <path>.\SDK\common\source\</path>
         <kind>object</kind>
         <file>f2838x_dbgier.obj</file>
         <name>f2838x_dbgier.obj</name>
      </input_file>
      <input_file id="fl-12">
         <path>.\SDK\common\source\</path>
         <kind>object</kind>
         <file>f2838x_dcsm_z1otp.obj</file>
         <name>f2838x_dcsm_z1otp.obj</name>
      </input_file>
      <input_file id="fl-13">
         <path>.\SDK\common\source\</path>
         <kind>object</kind>
         <file>f2838x_dcsm_z2otp.obj</file>
         <name>f2838x_dcsm_z2otp.obj</name>
      </input_file>
      <input_file id="fl-14">
         <path>.\SDK\common\source\</path>
         <kind>object</kind>
         <file>f2838x_defaultisr.obj</file>
         <name>f2838x_defaultisr.obj</name>
      </input_file>
      <input_file id="fl-15">
         <path>.\SDK\common\source\</path>
         <kind>object</kind>
         <file>f2838x_dma.obj</file>
         <name>f2838x_dma.obj</name>
      </input_file>
      <input_file id="fl-16">
         <path>.\SDK\common\source\</path>
         <kind>object</kind>
         <file>f2838x_ecap.obj</file>
         <name>f2838x_ecap.obj</name>
      </input_file>
      <input_file id="fl-17">
         <path>.\SDK\common\source\</path>
         <kind>object</kind>
         <file>f2838x_emif.obj</file>
         <name>f2838x_emif.obj</name>
      </input_file>
      <input_file id="fl-18">
         <path>.\SDK\common\source\</path>
         <kind>object</kind>
         <file>f2838x_epwm.obj</file>
         <name>f2838x_epwm.obj</name>
      </input_file>
      <input_file id="fl-19">
         <path>.\SDK\common\source\</path>
         <kind>object</kind>
         <file>f2838x_eqep.obj</file>
         <name>f2838x_eqep.obj</name>
      </input_file>
      <input_file id="fl-1a">
         <path>.\SDK\common\source\</path>
         <kind>object</kind>
         <file>f2838x_gpio.obj</file>
         <name>f2838x_gpio.obj</name>
      </input_file>
      <input_file id="fl-1b">
         <path>.\SDK\common\source\</path>
         <kind>object</kind>
         <file>f2838x_mcbsp.obj</file>
         <name>f2838x_mcbsp.obj</name>
      </input_file>
      <input_file id="fl-1c">
         <path>.\SDK\common\source\</path>
         <kind>object</kind>
         <file>f2838x_piectrl.obj</file>
         <name>f2838x_piectrl.obj</name>
      </input_file>
      <input_file id="fl-1d">
         <path>.\SDK\common\source\</path>
         <kind>object</kind>
         <file>f2838x_pievect.obj</file>
         <name>f2838x_pievect.obj</name>
      </input_file>
      <input_file id="fl-1e">
         <path>.\SDK\common\source\</path>
         <kind>object</kind>
         <file>f2838x_sdfm_drivers.obj</file>
         <name>f2838x_sdfm_drivers.obj</name>
      </input_file>
      <input_file id="fl-1f">
         <path>.\SDK\common\source\</path>
         <kind>object</kind>
         <file>f2838x_struct.obj</file>
         <name>f2838x_struct.obj</name>
      </input_file>
      <input_file id="fl-20">
         <path>.\SDK\common\source\</path>
         <kind>object</kind>
         <file>f2838x_sysctrl.obj</file>
         <name>f2838x_sysctrl.obj</name>
      </input_file>
      <input_file id="fl-21">
         <path>.\SDK\common\source\</path>
         <kind>object</kind>
         <file>f2838x_tempsensorconv.obj</file>
         <name>f2838x_tempsensorconv.obj</name>
      </input_file>
      <input_file id="fl-22">
         <path>.\SDK\common\source\</path>
         <kind>object</kind>
         <file>f2838x_usdelay.obj</file>
         <name>f2838x_usdelay.obj</name>
      </input_file>
      <input_file id="fl-23">
         <path>.\SDK\driverlib\</path>
         <kind>object</kind>
         <file>adc.obj</file>
         <name>adc.obj</name>
      </input_file>
      <input_file id="fl-24">
         <path>.\SDK\driverlib\</path>
         <kind>object</kind>
         <file>asysctl.obj</file>
         <name>asysctl.obj</name>
      </input_file>
      <input_file id="fl-25">
         <path>.\SDK\driverlib\</path>
         <kind>object</kind>
         <file>bgcrc.obj</file>
         <name>bgcrc.obj</name>
      </input_file>
      <input_file id="fl-26">
         <path>.\SDK\driverlib\</path>
         <kind>object</kind>
         <file>cla.obj</file>
         <name>cla.obj</name>
      </input_file>
      <input_file id="fl-27">
         <path>.\SDK\driverlib\</path>
         <kind>object</kind>
         <file>clb.obj</file>
         <name>clb.obj</name>
      </input_file>
      <input_file id="fl-28">
         <path>.\SDK\driverlib\</path>
         <kind>object</kind>
         <file>cmpss.obj</file>
         <name>cmpss.obj</name>
      </input_file>
      <input_file id="fl-29">
         <path>.\SDK\driverlib\</path>
         <kind>object</kind>
         <file>cputimer.obj</file>
         <name>cputimer.obj</name>
      </input_file>
      <input_file id="fl-2a">
         <path>.\SDK\driverlib\</path>
         <kind>object</kind>
         <file>dac.obj</file>
         <name>dac.obj</name>
      </input_file>
      <input_file id="fl-2b">
         <path>.\SDK\driverlib\</path>
         <kind>object</kind>
         <file>dcc.obj</file>
         <name>dcc.obj</name>
      </input_file>
      <input_file id="fl-2c">
         <path>.\SDK\driverlib\</path>
         <kind>object</kind>
         <file>dcsm.obj</file>
         <name>dcsm.obj</name>
      </input_file>
      <input_file id="fl-2d">
         <path>.\SDK\driverlib\</path>
         <kind>object</kind>
         <file>dma.obj</file>
         <name>dma.obj</name>
      </input_file>
      <input_file id="fl-2e">
         <path>.\SDK\driverlib\</path>
         <kind>object</kind>
         <file>ecap.obj</file>
         <name>ecap.obj</name>
      </input_file>
      <input_file id="fl-2f">
         <path>.\SDK\driverlib\</path>
         <kind>object</kind>
         <file>emif.obj</file>
         <name>emif.obj</name>
      </input_file>
      <input_file id="fl-30">
         <path>.\SDK\driverlib\</path>
         <kind>object</kind>
         <file>epwm.obj</file>
         <name>epwm.obj</name>
      </input_file>
      <input_file id="fl-31">
         <path>.\SDK\driverlib\</path>
         <kind>object</kind>
         <file>eqep.obj</file>
         <name>eqep.obj</name>
      </input_file>
      <input_file id="fl-32">
         <path>.\SDK\driverlib\</path>
         <kind>object</kind>
         <file>erad.obj</file>
         <name>erad.obj</name>
      </input_file>
      <input_file id="fl-33">
         <path>.\SDK\driverlib\</path>
         <kind>object</kind>
         <file>escss.obj</file>
         <name>escss.obj</name>
      </input_file>
      <input_file id="fl-34">
         <path>.\SDK\driverlib\</path>
         <kind>object</kind>
         <file>flash.obj</file>
         <name>flash.obj</name>
      </input_file>
      <input_file id="fl-35">
         <path>.\SDK\driverlib\</path>
         <kind>object</kind>
         <file>fsi.obj</file>
         <name>fsi.obj</name>
      </input_file>
      <input_file id="fl-36">
         <path>.\SDK\driverlib\</path>
         <kind>object</kind>
         <file>gpio.obj</file>
         <name>gpio.obj</name>
      </input_file>
      <input_file id="fl-37">
         <path>.\SDK\driverlib\</path>
         <kind>object</kind>
         <file>hrcap.obj</file>
         <name>hrcap.obj</name>
      </input_file>
      <input_file id="fl-38">
         <path>.\SDK\driverlib\</path>
         <kind>object</kind>
         <file>hrpwm.obj</file>
         <name>hrpwm.obj</name>
      </input_file>
      <input_file id="fl-39">
         <path>.\SDK\driverlib\</path>
         <kind>object</kind>
         <file>i2c.obj</file>
         <name>i2c.obj</name>
      </input_file>
      <input_file id="fl-3a">
         <path>.\SDK\driverlib\</path>
         <kind>object</kind>
         <file>interrupt.obj</file>
         <name>interrupt.obj</name>
      </input_file>
      <input_file id="fl-3b">
         <path>.\SDK\driverlib\</path>
         <kind>object</kind>
         <file>ipc.obj</file>
         <name>ipc.obj</name>
      </input_file>
      <input_file id="fl-3c">
         <path>.\SDK\driverlib\</path>
         <kind>object</kind>
         <file>mcbsp.obj</file>
         <name>mcbsp.obj</name>
      </input_file>
      <input_file id="fl-3d">
         <path>.\SDK\driverlib\</path>
         <kind>object</kind>
         <file>memcfg.obj</file>
         <name>memcfg.obj</name>
      </input_file>
      <input_file id="fl-3e">
         <path>.\SDK\driverlib\</path>
         <kind>object</kind>
         <file>sci.obj</file>
         <name>sci.obj</name>
      </input_file>
      <input_file id="fl-3f">
         <path>.\SDK\driverlib\</path>
         <kind>object</kind>
         <file>sdfm.obj</file>
         <name>sdfm.obj</name>
      </input_file>
      <input_file id="fl-40">
         <path>.\SDK\driverlib\</path>
         <kind>object</kind>
         <file>spi.obj</file>
         <name>spi.obj</name>
      </input_file>
      <input_file id="fl-41">
         <path>.\SDK\driverlib\</path>
         <kind>object</kind>
         <file>sysctl.obj</file>
         <name>sysctl.obj</name>
      </input_file>
      <input_file id="fl-42">
         <path>.\SDK\driverlib\</path>
         <kind>object</kind>
         <file>usb.obj</file>
         <name>usb.obj</name>
      </input_file>
      <input_file id="fl-43">
         <path>.\SDK\driverlib\</path>
         <kind>object</kind>
         <file>version.obj</file>
         <name>version.obj</name>
      </input_file>
      <input_file id="fl-44">
         <path>.\SDK\driverlib\</path>
         <kind>object</kind>
         <file>xbar.obj</file>
         <name>xbar.obj</name>
      </input_file>
      <input_file id="fl-45">
         <path>.\SDK\headers\source\</path>
         <kind>object</kind>
         <file>f2838x_globalvariabledefs.obj</file>
         <name>f2838x_globalvariabledefs.obj</name>
      </input_file>
      <input_file id="fl-4a">
         <kind>object</kind>
         <file>&lt;internal&gt;</file>
         <name>&lt;internal&gt;</name>
      </input_file>
      <input_file id="fl-56">
         <path>C:\ti\ccs2040\ccs\tools\compiler\ti-cgt-c2000_22.6.3.LTS\lib\</path>
         <kind>archive</kind>
         <file>rts2800_fpu64_eabi.lib</file>
         <name>s_ceil.c.obj</name>
      </input_file>
      <input_file id="fl-57">
         <path>C:\ti\ccs2040\ccs\tools\compiler\ti-cgt-c2000_22.6.3.LTS\lib\</path>
         <kind>archive</kind>
         <file>rts2800_fpu64_eabi.lib</file>
         <name>boot28.asm.obj</name>
      </input_file>
      <input_file id="fl-58">
         <path>C:\ti\ccs2040\ccs\tools\compiler\ti-cgt-c2000_22.6.3.LTS\lib\</path>
         <kind>archive</kind>
         <file>rts2800_fpu64_eabi.lib</file>
         <name>ll_aox28.asm.obj</name>
      </input_file>
      <input_file id="fl-59">
         <path>C:\ti\ccs2040\ccs\tools\compiler\ti-cgt-c2000_22.6.3.LTS\lib\</path>
         <kind>archive</kind>
         <file>rts2800_fpu64_eabi.lib</file>
         <name>ll_cmp28.asm.obj</name>
      </input_file>
      <input_file id="fl-5a">
         <path>C:\ti\ccs2040\ccs\tools\compiler\ti-cgt-c2000_22.6.3.LTS\lib\</path>
         <kind>archive</kind>
         <file>rts2800_fpu64_eabi.lib</file>
         <name>memcpy.c.obj</name>
      </input_file>
      <input_file id="fl-5b">
         <path>C:\ti\ccs2040\ccs\tools\compiler\ti-cgt-c2000_22.6.3.LTS\lib\</path>
         <kind>archive</kind>
         <file>rts2800_fpu64_eabi.lib</file>
         <name>pre_init.c.obj</name>
      </input_file>
      <input_file id="fl-5c">
         <path>C:\ti\ccs2040\ccs\tools\compiler\ti-cgt-c2000_22.6.3.LTS\lib\</path>
         <kind>archive</kind>
         <file>rts2800_fpu64_eabi.lib</file>
         <name>autoinit.c.obj</name>
      </input_file>
      <input_file id="fl-5d">
         <path>C:\ti\ccs2040\ccs\tools\compiler\ti-cgt-c2000_22.6.3.LTS\lib\</path>
         <kind>archive</kind>
         <file>rts2800_fpu64_eabi.lib</file>
         <name>copy_zero_init.c.obj</name>
      </input_file>
      <input_file id="fl-5e">
         <path>C:\ti\ccs2040\ccs\tools\compiler\ti-cgt-c2000_22.6.3.LTS\lib\</path>
         <kind>archive</kind>
         <file>rts2800_fpu64_eabi.lib</file>
         <name>copy_decompress_none.c.obj</name>
      </input_file>
      <input_file id="fl-5f">
         <path>C:\ti\ccs2040\ccs\tools\compiler\ti-cgt-c2000_22.6.3.LTS\lib\</path>
         <kind>archive</kind>
         <file>rts2800_fpu64_eabi.lib</file>
         <name>copy_decompress_lzss.c.obj</name>
      </input_file>
      <input_file id="fl-60">
         <path>C:\ti\ccs2040\ccs\tools\compiler\ti-cgt-c2000_22.6.3.LTS\lib\</path>
         <kind>archive</kind>
         <file>rts2800_fpu64_eabi.lib</file>
         <name>exit.c.obj</name>
      </input_file>
      <input_file id="fl-61">
         <path>C:\ti\ccs2040\ccs\tools\compiler\ti-cgt-c2000_22.6.3.LTS\lib\</path>
         <kind>archive</kind>
         <file>rts2800_fpu64_eabi.lib</file>
         <name>_lock.c.obj</name>
      </input_file>
      <input_file id="fl-62">
         <path>C:\ti\ccs2040\ccs\tools\compiler\ti-cgt-c2000_22.6.3.LTS\lib\</path>
         <kind>archive</kind>
         <file>rts2800_fpu64_eabi.lib</file>
         <name>args_main.c.obj</name>
      </input_file>
      <input_file id="fl-63">
         <path>C:\ti\ccs2040\ccs\tools\compiler\ti-cgt-c2000_22.6.3.LTS\lib\</path>
         <kind>archive</kind>
         <file>rts2800_fpu64_eabi.lib</file>
         <name>memset.c.obj</name>
      </input_file>
      <input_file id="fl-64">
         <path>C:\ti\ccs2040\ccs\tools\compiler\ti-cgt-c2000_22.6.3.LTS\lib\</path>
         <kind>archive</kind>
         <file>rts2800_fpu64_eabi.lib</file>
         <name>cpy_tbl.c.obj</name>
      </input_file>
      <input_file id="fl-65">
         <path>C:\ti\ccs2040\ccs\tools\compiler\ti-cgt-c2000_22.6.3.LTS\lib\</path>
         <kind>archive</kind>
         <file>rts2800_fpu64_eabi.lib</file>
         <name>startup.c.obj</name>
      </input_file>
   </input_file_list>
   <object_component_list>
      <object_component id="oc-11f">
         <name>codestart</name>
         <load_address>0x80000</load_address>
         <run_address>0x80000</run_address>
         <size>0x2</size>
         <input_file_ref idref="fl-f"/>
      </object_component>
      <object_component id="oc-9e9">
         <name>.text:SysCtl_isPLLValid</name>
         <load_address>0x82000</load_address>
         <run_address>0x82000</run_address>
         <size>0x199</size>
         <input_file_ref idref="fl-41"/>
      </object_component>
      <object_component id="oc-962">
         <name>.text:Device_enableAllPeripherals</name>
         <load_address>0x82199</load_address>
         <run_address>0x82199</run_address>
         <size>0x167</size>
         <input_file_ref idref="fl-d"/>
      </object_component>
      <object_component id="oc-956">
         <name>.text:SysCtl_setClock</name>
         <load_address>0x82300</load_address>
         <run_address>0x82300</run_address>
         <size>0x124</size>
         <input_file_ref idref="fl-41"/>
      </object_component>
      <object_component id="oc-922">
         <name>.text:sendIpcMessage1</name>
         <load_address>0x82424</load_address>
         <run_address>0x82424</run_address>
         <size>0xf7</size>
         <input_file_ref idref="fl-3"/>
      </object_component>
      <object_component id="oc-95c">
         <name>.text:SysCtl_setAuxClock</name>
         <load_address>0x8251b</load_address>
         <run_address>0x8251b</run_address>
         <size>0xec</size>
         <input_file_ref idref="fl-41"/>
      </object_component>
      <object_component id="oc-9dc">
         <name>.text:DCC_verifyClockFrequency</name>
         <load_address>0x82607</load_address>
         <run_address>0x82607</run_address>
         <size>0xbb</size>
         <input_file_ref idref="fl-2b"/>
      </object_component>
      <object_component id="oc-ef">
         <name>.text:isrScib_IPC</name>
         <load_address>0x826c2</load_address>
         <run_address>0x826c2</run_address>
         <size>0xb8</size>
         <input_file_ref idref="fl-9"/>
      </object_component>
      <object_component id="oc-f0">
         <name>.text:initScib_IPC</name>
         <load_address>0x8277a</load_address>
         <run_address>0x8277a</run_address>
         <size>0xac</size>
         <input_file_ref idref="fl-9"/>
      </object_component>
      <object_component id="oc-91c">
         <name>.text:procEncoderZero</name>
         <load_address>0x82826</load_address>
         <run_address>0x82826</run_address>
         <size>0xab</size>
         <input_file_ref idref="fl-6"/>
      </object_component>
      <object_component id="oc-a2b">
         <name>.text:Calculate_CRC7</name>
         <load_address>0x828d1</load_address>
         <run_address>0x828d1</run_address>
         <size>0xa5</size>
         <input_file_ref idref="fl-5"/>
      </object_component>
      <object_component id="oc-9a0">
         <name>.text:updateEncoderState</name>
         <load_address>0x82976</load_address>
         <run_address>0x82976</run_address>
         <size>0x97</size>
         <input_file_ref idref="fl-5"/>
      </object_component>
      <object_component id="oc-6da">
         <name>.text:GPIO_SetupPinOptions</name>
         <load_address>0x82a0d</load_address>
         <run_address>0x82a0d</run_address>
         <size>0x84</size>
         <input_file_ref idref="fl-1a"/>
      </object_component>
      <object_component id="oc-118">
         <name>.text:easyDSP_SCI_Init</name>
         <load_address>0x82a91</load_address>
         <run_address>0x82a91</run_address>
         <size>0x7d</size>
         <input_file_ref idref="fl-c"/>
      </object_component>
      <object_component id="oc-87c">
         <name>.text:Interrupt_clearIFR</name>
         <load_address>0x82b0e</load_address>
         <run_address>0x82b0e</run_address>
         <size>0x74</size>
         <input_file_ref idref="fl-3a"/>
      </object_component>
      <object_component id="oc-ff">
         <name>.text:Initial_TIMER</name>
         <load_address>0x82b82</load_address>
         <run_address>0x82b82</run_address>
         <size>0x67</size>
         <input_file_ref idref="fl-b"/>
      </object_component>
      <object_component id="oc-a61">
         <name>.text:SysCtl_pollX1Counter</name>
         <load_address>0x82be9</load_address>
         <run_address>0x82be9</run_address>
         <size>0x5f</size>
         <input_file_ref idref="fl-41"/>
      </object_component>
      <object_component id="oc-6d4">
         <name>.text:GPIO_SetupPinMux</name>
         <load_address>0x82c48</load_address>
         <run_address>0x82c48</run_address>
         <size>0x54</size>
         <input_file_ref idref="fl-1a"/>
      </object_component>
      <object_component id="oc-65c">
         <name>.text:recvIpcMessage</name>
         <load_address>0x82c9c</load_address>
         <run_address>0x82c9c</run_address>
         <size>0x51</size>
         <input_file_ref idref="fl-3"/>
      </object_component>
      <object_component id="oc-9f1">
         <name>.text:SysCtl_selectOscSourceAuxPLL</name>
         <load_address>0x82ced</load_address>
         <run_address>0x82ced</run_address>
         <size>0x50</size>
         <input_file_ref idref="fl-41"/>
      </object_component>
      <object_component id="oc-978">
         <name>.text:InitSpia</name>
         <load_address>0x82d3d</load_address>
         <run_address>0x82d3d</run_address>
         <size>0x4f</size>
         <input_file_ref idref="fl-a"/>
      </object_component>
      <object_component id="oc-8fb">
         <name>.text:Device_init</name>
         <load_address>0x82d8c</load_address>
         <run_address>0x82d8c</run_address>
         <size>0x4e</size>
         <input_file_ref idref="fl-d"/>
      </object_component>
      <object_component id="oc-6a6">
         <name>.text:initCPUTimers</name>
         <load_address>0x82dda</load_address>
         <run_address>0x82dda</run_address>
         <size>0x4b</size>
         <input_file_ref idref="fl-b"/>
      </object_component>
      <object_component id="oc-7c1">
         <name>.text:Interrupt_disable</name>
         <load_address>0x82e25</load_address>
         <run_address>0x82e25</run_address>
         <size>0x4a</size>
         <input_file_ref idref="fl-3a"/>
      </object_component>
      <object_component id="oc-9ab">
         <name>.text:manualCtrlZero</name>
         <load_address>0x82e6f</load_address>
         <run_address>0x82e6f</run_address>
         <size>0x45</size>
         <input_file_ref idref="fl-6"/>
      </object_component>
      <object_component id="oc-a56">
         <name>.text:SysCtl_selectXTAL</name>
         <load_address>0x82eb4</load_address>
         <run_address>0x82eb4</run_address>
         <size>0x42</size>
         <input_file_ref idref="fl-41"/>
      </object_component>
      <object_component id="oc-907">
         <name>.text:Interrupt_initModule</name>
         <load_address>0x82ef6</load_address>
         <run_address>0x82ef6</run_address>
         <size>0x41</size>
         <input_file_ref idref="fl-3a"/>
      </object_component>
      <object_component id="oc-10d">
         <name>.text:isr_CpuTimer0</name>
         <load_address>0x82f37</load_address>
         <run_address>0x82f37</run_address>
         <size>0x40</size>
         <input_file_ref idref="fl-b"/>
      </object_component>
      <object_component id="oc-67a">
         <name>.text:GPIO_setPadConfig</name>
         <load_address>0x82f77</load_address>
         <run_address>0x82f77</run_address>
         <size>0x3f</size>
         <input_file_ref idref="fl-36"/>
      </object_component>
      <object_component id="oc-916">
         <name>.text:PollingEncoderSSI</name>
         <load_address>0x82fb6</load_address>
         <run_address>0x82fb6</run_address>
         <size>0x38</size>
         <input_file_ref idref="fl-5"/>
      </object_component>
      <object_component id="oc-686">
         <name>.text:Interrupt_enable</name>
         <load_address>0x82fee</load_address>
         <run_address>0x82fee</run_address>
         <size>0x36</size>
         <input_file_ref idref="fl-3a"/>
      </object_component>
      <object_component id="oc-66e">
         <name>.text:GPIO_setPinConfig</name>
         <load_address>0x83024</load_address>
         <run_address>0x83024</run_address>
         <size>0x30</size>
         <input_file_ref idref="fl-36"/>
      </object_component>
      <object_component id="oc-92f">
         <name>.text:updateLedStatus</name>
         <load_address>0x83054</load_address>
         <run_address>0x83054</run_address>
         <size>0x2f</size>
         <input_file_ref idref="fl-4"/>
      </object_component>
      <object_component id="oc-d7">
         <name>.text:decompress:lzss</name>
         <load_address>0x83083</load_address>
         <run_address>0x83083</run_address>
         <size>0x2e</size>
         <input_file_ref idref="fl-5f"/>
      </object_component>
      <object_component id="oc-840">
         <name>.text:dequeueSci</name>
         <load_address>0x830b1</load_address>
         <run_address>0x830b1</run_address>
         <size>0x2c</size>
         <input_file_ref idref="fl-9"/>
      </object_component>
      <object_component id="oc-68c">
         <name>.text:SCI_setConfig</name>
         <load_address>0x830dd</load_address>
         <run_address>0x830dd</run_address>
         <size>0x2b</size>
         <input_file_ref idref="fl-3e"/>
      </object_component>
      <object_component id="oc-9e3">
         <name>.text:SysCtl_selectOscSource</name>
         <load_address>0x83108</load_address>
         <run_address>0x83108</run_address>
         <size>0x2b</size>
         <input_file_ref idref="fl-41"/>
      </object_component>
      <object_component id="oc-7dc">
         <name>.text:__TI_auto_init_nobinit_nopinit</name>
         <load_address>0x83133</load_address>
         <run_address>0x83133</run_address>
         <size>0x2b</size>
         <input_file_ref idref="fl-5c"/>
      </object_component>
      <object_component id="oc-6ac">
         <name>.text:configCPUTimer</name>
         <load_address>0x8315e</load_address>
         <run_address>0x8315e</run_address>
         <size>0x29</size>
         <input_file_ref idref="fl-b"/>
      </object_component>
      <object_component id="oc-a3b">
         <name>.text:enqueueSci</name>
         <load_address>0x83187</load_address>
         <run_address>0x83187</run_address>
         <size>0x29</size>
         <input_file_ref idref="fl-9"/>
      </object_component>
      <object_component id="oc-64c">
         <name>.text</name>
         <load_address>0x831b0</load_address>
         <run_address>0x831b0</run_address>
         <size>0x29</size>
         <input_file_ref idref="fl-60"/>
      </object_component>
      <object_component id="oc-6b4">
         <name>.text:sendScib_IPC</name>
         <load_address>0x831d9</load_address>
         <run_address>0x831d9</run_address>
         <size>0x28</size>
         <input_file_ref idref="fl-9"/>
      </object_component>
      <object_component id="oc-a10">
         <name>.text:SPI_setConfig</name>
         <load_address>0x83201</load_address>
         <run_address>0x83201</run_address>
         <size>0x26</size>
         <input_file_ref idref="fl-40"/>
      </object_component>
      <object_component id="oc-80c">
         <name>.text:main</name>
         <load_address>0x83227</load_address>
         <run_address>0x83227</run_address>
         <size>0x26</size>
         <input_file_ref idref="fl-2"/>
      </object_component>
      <object_component id="oc-668">
         <name>.text:GPIO_setControllerCore</name>
         <load_address>0x8324d</load_address>
         <run_address>0x8324d</run_address>
         <size>0x22</size>
         <input_file_ref idref="fl-36"/>
      </object_component>
      <object_component id="oc-680">
         <name>.text:GPIO_setQualificationMode</name>
         <load_address>0x8326f</load_address>
         <run_address>0x8326f</run_address>
         <size>0x22</size>
         <input_file_ref idref="fl-36"/>
      </object_component>
      <object_component id="oc-846">
         <name>.text:SCI_writeCharArray</name>
         <load_address>0x83291</load_address>
         <run_address>0x83291</run_address>
         <size>0x22</size>
         <input_file_ref idref="fl-3e"/>
      </object_component>
      <object_component id="oc-a50">
         <name>.text:SysCtl_selectXTALSingleEnded</name>
         <load_address>0x832b3</load_address>
         <run_address>0x832b3</run_address>
         <size>0x22</size>
         <input_file_ref idref="fl-41"/>
      </object_component>
      <object_component id="oc-674">
         <name>.text:GPIO_setDirectionMode</name>
         <load_address>0x832d5</load_address>
         <run_address>0x832d5</run_address>
         <size>0x20</size>
         <input_file_ref idref="fl-36"/>
      </object_component>
      <object_component id="oc-653">
         <name>.text:SCI_readCharArray</name>
         <load_address>0x832f5</load_address>
         <run_address>0x832f5</run_address>
         <size>0x20</size>
         <input_file_ref idref="fl-3e"/>
      </object_component>
      <object_component id="oc-990">
         <name>.text:initEncoderZero</name>
         <load_address>0x83315</load_address>
         <run_address>0x83315</run_address>
         <size>0x1f</size>
         <input_file_ref idref="fl-6"/>
      </object_component>
      <object_component id="oc-a09">
         <name>.text:initGPIODoutZero</name>
         <load_address>0x83334</load_address>
         <run_address>0x83334</run_address>
         <size>0x1f</size>
         <input_file_ref idref="fl-6"/>
      </object_component>
      <object_component id="oc-968">
         <name>.text:Device_initGPIO</name>
         <load_address>0x83353</load_address>
         <run_address>0x83353</run_address>
         <size>0x1e</size>
         <input_file_ref idref="fl-d"/>
      </object_component>
      <object_component id="oc-6c4">
         <name>.text</name>
         <load_address>0x83371</load_address>
         <run_address>0x83371</run_address>
         <size>0x1e</size>
         <input_file_ref idref="fl-59"/>
      </object_component>
      <object_component id="oc-891">
         <name>.text</name>
         <load_address>0x8338f</load_address>
         <run_address>0x8338f</run_address>
         <size>0x1</size>
         <input_file_ref idref="fl-65"/>
      </object_component>
      <object_component id="oc-60c">
         <name>.text:Interrupt_initVectorTable</name>
         <load_address>0x83390</load_address>
         <run_address>0x83390</run_address>
         <size>0x1d</size>
         <input_file_ref idref="fl-3a"/>
      </object_component>
      <object_component id="oc-62b">
         <name>.text</name>
         <load_address>0x833ad</load_address>
         <run_address>0x833ad</run_address>
         <size>0x1d</size>
         <input_file_ref idref="fl-5a"/>
      </object_component>
      <object_component id="oc-950">
         <name>.text:Device_verifyXTAL</name>
         <load_address>0x833ca</load_address>
         <run_address>0x833ca</run_address>
         <size>0x1c</size>
         <input_file_ref idref="fl-d"/>
      </object_component>
      <object_component id="oc-622">
         <name>.text:IPC_unregisterInterrupt</name>
         <load_address>0x833e6</load_address>
         <run_address>0x833e6</run_address>
         <size>0x1c</size>
         <input_file_ref idref="fl-3b"/>
      </object_component>
      <object_component id="oc-662">
         <name>.text:SCI_clearInterruptStatus</name>
         <load_address>0x83402</load_address>
         <run_address>0x83402</run_address>
         <size>0x1c</size>
         <input_file_ref idref="fl-3e"/>
      </object_component>
      <object_component id="oc-698">
         <name>.text:SCI_disableInterrupt</name>
         <load_address>0x8341e</load_address>
         <run_address>0x8341e</run_address>
         <size>0x1a</size>
         <input_file_ref idref="fl-3e"/>
      </object_component>
      <object_component id="oc-692">
         <name>.text:SCI_enableInterrupt</name>
         <load_address>0x83438</load_address>
         <run_address>0x83438</run_address>
         <size>0x1a</size>
         <input_file_ref idref="fl-3e"/>
      </object_component>
      <object_component id="oc-9cb">
         <name>.text:HW_writeLedPin</name>
         <load_address>0x83452</load_address>
         <run_address>0x83452</run_address>
         <size>0x19</size>
         <input_file_ref idref="fl-4"/>
      </object_component>
      <object_component id="oc-9d6">
         <name>.text:SysCtl_enablePeripheral</name>
         <load_address>0x8346b</load_address>
         <run_address>0x8346b</run_address>
         <size>0x19</size>
         <input_file_ref idref="fl-d"/>
      </object_component>
      <object_component id="oc-984">
         <name>.text:initEncoderSSI</name>
         <load_address>0x83484</load_address>
         <run_address>0x83484</run_address>
         <size>0x19</size>
         <input_file_ref idref="fl-5"/>
      </object_component>
      <object_component id="oc-e4">
         <name>.text</name>
         <load_address>0x8349d</load_address>
         <run_address>0x8349d</run_address>
         <size>0x19</size>
         <input_file_ref idref="fl-57"/>
      </object_component>
      <object_component id="oc-a26">
         <name>.text</name>
         <load_address>0x834b6</load_address>
         <run_address>0x834b6</run_address>
         <size>0x18</size>
         <input_file_ref idref="fl-58"/>
      </object_component>
      <object_component id="oc-98a">
         <name>.text:Initial_LED</name>
         <load_address>0x834ce</load_address>
         <run_address>0x834ce</run_address>
         <size>0x16</size>
         <input_file_ref idref="fl-4"/>
      </object_component>
      <object_component id="oc-107">
         <name>.text:isr_CpuTimer1</name>
         <load_address>0x834e4</load_address>
         <run_address>0x834e4</run_address>
         <size>0x16</size>
         <input_file_ref idref="fl-b"/>
      </object_component>
      <object_component id="oc-a03">
         <name>.text:initGpioDoutLed</name>
         <load_address>0x834fa</load_address>
         <run_address>0x834fa</run_address>
         <size>0x15</size>
         <input_file_ref idref="fl-4"/>
      </object_component>
      <object_component id="oc-fb">
         <name>.text:isr_CpuTimer2</name>
         <load_address>0x8350f</load_address>
         <run_address>0x8350f</run_address>
         <size>0x15</size>
         <input_file_ref idref="fl-b"/>
      </object_component>
      <object_component id="oc-9c5">
         <name>.text:HW_toggleLedPin</name>
         <load_address>0x83524</load_address>
         <run_address>0x83524</run_address>
         <size>0x14</size>
         <input_file_ref idref="fl-4"/>
      </object_component>
      <object_component id="oc-a68">
         <name>.text:Device_enableUnbondedGPIOPullupsFor176Pin</name>
         <load_address>0x83538</load_address>
         <run_address>0x83538</run_address>
         <size>0x13</size>
         <input_file_ref idref="fl-d"/>
      </object_component>
      <object_component id="oc-9bd">
         <name>.text:setLedStatus</name>
         <load_address>0x8354b</load_address>
         <run_address>0x8354b</run_address>
         <size>0x13</size>
         <input_file_ref idref="fl-4"/>
      </object_component>
      <object_component id="oc-a1a">
         <name>.text:setLedModeToggle</name>
         <load_address>0x8355e</load_address>
         <run_address>0x8355e</run_address>
         <size>0x10</size>
         <input_file_ref idref="fl-4"/>
      </object_component>
      <object_component id="oc-9b3">
         <name>.text:xmtScib_IPC</name>
         <load_address>0x8356e</load_address>
         <run_address>0x8356e</run_address>
         <size>0xf</size>
         <input_file_ref idref="fl-9"/>
      </object_component>
      <object_component id="oc-8a6">
         <name>.text:DSP_Initialization</name>
         <load_address>0x8357d</load_address>
         <run_address>0x8357d</run_address>
         <size>0xe</size>
         <input_file_ref idref="fl-8"/>
      </object_component>
      <object_component id="oc-436">
         <name>.text:EMPTY_ISR</name>
         <load_address>0x8358b</load_address>
         <run_address>0x8358b</run_address>
         <size>0xd</size>
         <input_file_ref idref="fl-14"/>
      </object_component>
      <object_component id="oc-90d">
         <name>.text:InitialPeripherals</name>
         <load_address>0x83598</load_address>
         <run_address>0x83598</run_address>
         <size>0xd</size>
         <input_file_ref idref="fl-8"/>
      </object_component>
      <object_component id="oc-633">
         <name>.text:decompress:ZI:__TI_zero_init_nomemset</name>
         <load_address>0x835a5</load_address>
         <run_address>0x835a5</run_address>
         <size>0xd</size>
         <input_file_ref idref="fl-5d"/>
      </object_component>
      <object_component id="oc-61c">
         <name>.text:Interrupt_defaultHandler</name>
         <load_address>0x835b2</load_address>
         <run_address>0x835b2</run_address>
         <size>0xc</size>
         <input_file_ref idref="fl-3a"/>
      </object_component>
      <object_component id="oc-646">
         <name>.text</name>
         <load_address>0x835be</load_address>
         <run_address>0x835be</run_address>
         <size>0xc</size>
         <input_file_ref idref="fl-62"/>
      </object_component>
      <object_component id="oc-929">
         <name>.text:updateOrangeLed</name>
         <load_address>0x835ca</load_address>
         <run_address>0x835ca</run_address>
         <size>0xc</size>
         <input_file_ref idref="fl-4"/>
      </object_component>
      <object_component id="oc-9f9">
         <name>.text:Device_enableUnbondedGPIOPullups</name>
         <load_address>0x835d6</load_address>
         <run_address>0x835d6</run_address>
         <size>0xb</size>
         <input_file_ref idref="fl-d"/>
      </object_component>
      <object_component id="oc-604">
         <name>.text:ADCA1_ISR</name>
         <load_address>0x835e1</load_address>
         <run_address>0x835e1</run_address>
         <size>0xa</size>
         <input_file_ref idref="fl-14"/>
      </object_component>
      <object_component id="oc-5fe">
         <name>.text:ADCA2_ISR</name>
         <load_address>0x835eb</load_address>
         <run_address>0x835eb</run_address>
         <size>0xa</size>
         <input_file_ref idref="fl-14"/>
      </object_component>
      <object_component id="oc-5f8">
         <name>.text:ADCA3_ISR</name>
         <load_address>0x835f5</load_address>
         <run_address>0x835f5</run_address>
         <size>0xa</size>
         <input_file_ref idref="fl-14"/>
      </object_component>
      <object_component id="oc-5f2">
         <name>.text:ADCA4_ISR</name>
         <load_address>0x835ff</load_address>
         <run_address>0x835ff</run_address>
         <size>0xa</size>
         <input_file_ref idref="fl-14"/>
      </object_component>
      <object_component id="oc-5ec">
         <name>.text:ADCA_EVT_ISR</name>
         <load_address>0x83609</load_address>
         <run_address>0x83609</run_address>
         <size>0xa</size>
         <input_file_ref idref="fl-14"/>
      </object_component>
      <object_component id="oc-5e6">
         <name>.text:ADCB1_ISR</name>
         <load_address>0x83613</load_address>
         <run_address>0x83613</run_address>
         <size>0xa</size>
         <input_file_ref idref="fl-14"/>
      </object_component>
      <object_component id="oc-5e0">
         <name>.text:ADCB2_ISR</name>
         <load_address>0x8361d</load_address>
         <run_address>0x8361d</run_address>
         <size>0xa</size>
         <input_file_ref idref="fl-14"/>
      </object_component>
      <object_component id="oc-5da">
         <name>.text:ADCB3_ISR</name>
         <load_address>0x83627</load_address>
         <run_address>0x83627</run_address>
         <size>0xa</size>
         <input_file_ref idref="fl-14"/>
      </object_component>
      <object_component id="oc-5d4">
         <name>.text:ADCB4_ISR</name>
         <load_address>0x83631</load_address>
         <run_address>0x83631</run_address>
         <size>0xa</size>
         <input_file_ref idref="fl-14"/>
      </object_component>
      <object_component id="oc-5ce">
         <name>.text:ADCB_EVT_ISR</name>
         <load_address>0x8363b</load_address>
         <run_address>0x8363b</run_address>
         <size>0xa</size>
         <input_file_ref idref="fl-14"/>
      </object_component>
      <object_component id="oc-5c8">
         <name>.text:ADCC1_ISR</name>
         <load_address>0x83645</load_address>
         <run_address>0x83645</run_address>
         <size>0xa</size>
         <input_file_ref idref="fl-14"/>
      </object_component>
      <object_component id="oc-5c2">
         <name>.text:ADCC2_ISR</name>
         <load_address>0x8364f</load_address>
         <run_address>0x8364f</run_address>
         <size>0xa</size>
         <input_file_ref idref="fl-14"/>
      </object_component>
      <object_component id="oc-5bc">
         <name>.text:ADCC3_ISR</name>
         <load_address>0x83659</load_address>
         <run_address>0x83659</run_address>
         <size>0xa</size>
         <input_file_ref idref="fl-14"/>
      </object_component>
      <object_component id="oc-5b6">
         <name>.text:ADCC4_ISR</name>
         <load_address>0x83663</load_address>
         <run_address>0x83663</run_address>
         <size>0xa</size>
         <input_file_ref idref="fl-14"/>
      </object_component>
      <object_component id="oc-5b0">
         <name>.text:ADCC_EVT_ISR</name>
         <load_address>0x8366d</load_address>
         <run_address>0x8366d</run_address>
         <size>0xa</size>
         <input_file_ref idref="fl-14"/>
      </object_component>
      <object_component id="oc-5aa">
         <name>.text:ADCD1_ISR</name>
         <load_address>0x83677</load_address>
         <run_address>0x83677</run_address>
         <size>0xa</size>
         <input_file_ref idref="fl-14"/>
      </object_component>
      <object_component id="oc-5a4">
         <name>.text:ADCD2_ISR</name>
         <load_address>0x83681</load_address>
         <run_address>0x83681</run_address>
         <size>0xa</size>
         <input_file_ref idref="fl-14"/>
      </object_component>
      <object_component id="oc-59e">
         <name>.text:ADCD3_ISR</name>
         <load_address>0x8368b</load_address>
         <run_address>0x8368b</run_address>
         <size>0xa</size>
         <input_file_ref idref="fl-14"/>
      </object_component>
      <object_component id="oc-598">
         <name>.text:ADCD4_ISR</name>
         <load_address>0x83695</load_address>
         <run_address>0x83695</run_address>
         <size>0xa</size>
         <input_file_ref idref="fl-14"/>
      </object_component>
      <object_component id="oc-592">
         <name>.text:ADCD_EVT_ISR</name>
         <load_address>0x8369f</load_address>
         <run_address>0x8369f</run_address>
         <size>0xa</size>
         <input_file_ref idref="fl-14"/>
      </object_component>
      <object_component id="oc-58c">
         <name>.text:CANA0_ISR</name>
         <load_address>0x836a9</load_address>
         <run_address>0x836a9</run_address>
         <size>0xa</size>
         <input_file_ref idref="fl-14"/>
      </object_component>
      <object_component id="oc-586">
         <name>.text:CANA1_ISR</name>
         <load_address>0x836b3</load_address>
         <run_address>0x836b3</run_address>
         <size>0xa</size>
         <input_file_ref idref="fl-14"/>
      </object_component>
      <object_component id="oc-580">
         <name>.text:CANB0_ISR</name>
         <load_address>0x836bd</load_address>
         <run_address>0x836bd</run_address>
         <size>0xa</size>
         <input_file_ref idref="fl-14"/>
      </object_component>
      <object_component id="oc-57a">
         <name>.text:CANB1_ISR</name>
         <load_address>0x836c7</load_address>
         <run_address>0x836c7</run_address>
         <size>0xa</size>
         <input_file_ref idref="fl-14"/>
      </object_component>
      <object_component id="oc-574">
         <name>.text:CIPC0_ISR</name>
         <load_address>0x836d1</load_address>
         <run_address>0x836d1</run_address>
         <size>0xa</size>
         <input_file_ref idref="fl-14"/>
      </object_component>
      <object_component id="oc-56e">
         <name>.text:CIPC1_ISR</name>
         <load_address>0x836db</load_address>
         <run_address>0x836db</run_address>
         <size>0xa</size>
         <input_file_ref idref="fl-14"/>
      </object_component>
      <object_component id="oc-568">
         <name>.text:CIPC2_ISR</name>
         <load_address>0x836e5</load_address>
         <run_address>0x836e5</run_address>
         <size>0xa</size>
         <input_file_ref idref="fl-14"/>
      </object_component>
      <object_component id="oc-562">
         <name>.text:CIPC3_ISR</name>
         <load_address>0x836ef</load_address>
         <run_address>0x836ef</run_address>
         <size>0xa</size>
         <input_file_ref idref="fl-14"/>
      </object_component>
      <object_component id="oc-55c">
         <name>.text:CLA1CRC_ISR</name>
         <load_address>0x836f9</load_address>
         <run_address>0x836f9</run_address>
         <size>0xa</size>
         <input_file_ref idref="fl-14"/>
      </object_component>
      <object_component id="oc-556">
         <name>.text:CLA1_1_ISR</name>
         <load_address>0x83703</load_address>
         <run_address>0x83703</run_address>
         <size>0xa</size>
         <input_file_ref idref="fl-14"/>
      </object_component>
      <object_component id="oc-550">
         <name>.text:CLA1_2_ISR</name>
         <load_address>0x8370d</load_address>
         <run_address>0x8370d</run_address>
         <size>0xa</size>
         <input_file_ref idref="fl-14"/>
      </object_component>
      <object_component id="oc-54a">
         <name>.text:CLA1_3_ISR</name>
         <load_address>0x83717</load_address>
         <run_address>0x83717</run_address>
         <size>0xa</size>
         <input_file_ref idref="fl-14"/>
      </object_component>
      <object_component id="oc-544">
         <name>.text:CLA1_4_ISR</name>
         <load_address>0x83721</load_address>
         <run_address>0x83721</run_address>
         <size>0xa</size>
         <input_file_ref idref="fl-14"/>
      </object_component>
      <object_component id="oc-53e">
         <name>.text:CLA1_5_ISR</name>
         <load_address>0x8372b</load_address>
         <run_address>0x8372b</run_address>
         <size>0xa</size>
         <input_file_ref idref="fl-14"/>
      </object_component>
      <object_component id="oc-538">
         <name>.text:CLA1_6_ISR</name>
         <load_address>0x83735</load_address>
         <run_address>0x83735</run_address>
         <size>0xa</size>
         <input_file_ref idref="fl-14"/>
      </object_component>
      <object_component id="oc-532">
         <name>.text:CLA1_7_ISR</name>
         <load_address>0x8373f</load_address>
         <run_address>0x8373f</run_address>
         <size>0xa</size>
         <input_file_ref idref="fl-14"/>
      </object_component>
      <object_component id="oc-52c">
         <name>.text:CLA1_8_ISR</name>
         <load_address>0x83749</load_address>
         <run_address>0x83749</run_address>
         <size>0xa</size>
         <input_file_ref idref="fl-14"/>
      </object_component>
      <object_component id="oc-526">
         <name>.text:CLA_OVERFLOW_ISR</name>
         <load_address>0x83753</load_address>
         <run_address>0x83753</run_address>
         <size>0xa</size>
         <input_file_ref idref="fl-14"/>
      </object_component>
      <object_component id="oc-520">
         <name>.text:CLA_UNDERFLOW_ISR</name>
         <load_address>0x8375d</load_address>
         <run_address>0x8375d</run_address>
         <size>0xa</size>
         <input_file_ref idref="fl-14"/>
      </object_component>
      <object_component id="oc-51a">
         <name>.text:CLB1_ISR</name>
         <load_address>0x83767</load_address>
         <run_address>0x83767</run_address>
         <size>0xa</size>
         <input_file_ref idref="fl-14"/>
      </object_component>
      <object_component id="oc-514">
         <name>.text:CLB2_ISR</name>
         <load_address>0x83771</load_address>
         <run_address>0x83771</run_address>
         <size>0xa</size>
         <input_file_ref idref="fl-14"/>
      </object_component>
      <object_component id="oc-50e">
         <name>.text:CLB3_ISR</name>
         <load_address>0x8377b</load_address>
         <run_address>0x8377b</run_address>
         <size>0xa</size>
         <input_file_ref idref="fl-14"/>
      </object_component>
      <object_component id="oc-508">
         <name>.text:CLB4_ISR</name>
         <load_address>0x83785</load_address>
         <run_address>0x83785</run_address>
         <size>0xa</size>
         <input_file_ref idref="fl-14"/>
      </object_component>
      <object_component id="oc-502">
         <name>.text:CLB5_ISR</name>
         <load_address>0x8378f</load_address>
         <run_address>0x8378f</run_address>
         <size>0xa</size>
         <input_file_ref idref="fl-14"/>
      </object_component>
      <object_component id="oc-4fc">
         <name>.text:CLB6_ISR</name>
         <load_address>0x83799</load_address>
         <run_address>0x83799</run_address>
         <size>0xa</size>
         <input_file_ref idref="fl-14"/>
      </object_component>
      <object_component id="oc-4f6">
         <name>.text:CLB7_ISR</name>
         <load_address>0x837a3</load_address>
         <run_address>0x837a3</run_address>
         <size>0xa</size>
         <input_file_ref idref="fl-14"/>
      </object_component>
      <object_component id="oc-4f0">
         <name>.text:CLB8_ISR</name>
         <load_address>0x837ad</load_address>
         <run_address>0x837ad</run_address>
         <size>0xa</size>
         <input_file_ref idref="fl-14"/>
      </object_component>
      <object_component id="oc-4ea">
         <name>.text:CMTOCPUXIPC0_ISR</name>
         <load_address>0x837b7</load_address>
         <run_address>0x837b7</run_address>
         <size>0xa</size>
         <input_file_ref idref="fl-14"/>
      </object_component>
      <object_component id="oc-4e4">
         <name>.text:CMTOCPUXIPC1_ISR</name>
         <load_address>0x837c1</load_address>
         <run_address>0x837c1</run_address>
         <size>0xa</size>
         <input_file_ref idref="fl-14"/>
      </object_component>
      <object_component id="oc-4de">
         <name>.text:CMTOCPUXIPC2_ISR</name>
         <load_address>0x837cb</load_address>
         <run_address>0x837cb</run_address>
         <size>0xa</size>
         <input_file_ref idref="fl-14"/>
      </object_component>
      <object_component id="oc-4d8">
         <name>.text:CMTOCPUXIPC3_ISR</name>
         <load_address>0x837d5</load_address>
         <run_address>0x837d5</run_address>
         <size>0xa</size>
         <input_file_ref idref="fl-14"/>
      </object_component>
      <object_component id="oc-4d2">
         <name>.text:CMTOCPUXIPC4_ISR</name>
         <load_address>0x837df</load_address>
         <run_address>0x837df</run_address>
         <size>0xa</size>
         <input_file_ref idref="fl-14"/>
      </object_component>
      <object_component id="oc-4cc">
         <name>.text:CMTOCPUXIPC5_ISR</name>
         <load_address>0x837e9</load_address>
         <run_address>0x837e9</run_address>
         <size>0xa</size>
         <input_file_ref idref="fl-14"/>
      </object_component>
      <object_component id="oc-4c6">
         <name>.text:CMTOCPUXIPC6_ISR</name>
         <load_address>0x837f3</load_address>
         <run_address>0x837f3</run_address>
         <size>0xa</size>
         <input_file_ref idref="fl-14"/>
      </object_component>
      <object_component id="oc-4c0">
         <name>.text:CMTOCPUXIPC7_ISR</name>
         <load_address>0x837fd</load_address>
         <run_address>0x837fd</run_address>
         <size>0xa</size>
         <input_file_ref idref="fl-14"/>
      </object_component>
      <object_component id="oc-4ba">
         <name>.text:CM_STATUS_ISR</name>
         <load_address>0x83807</load_address>
         <run_address>0x83807</run_address>
         <size>0xa</size>
         <input_file_ref idref="fl-14"/>
      </object_component>
      <object_component id="oc-4b4">
         <name>.text:CPUCRC_ISR</name>
         <load_address>0x83811</load_address>
         <run_address>0x83811</run_address>
         <size>0xa</size>
         <input_file_ref idref="fl-14"/>
      </object_component>
      <object_component id="oc-4ae">
         <name>.text:DATALOG_ISR</name>
         <load_address>0x8381b</load_address>
         <run_address>0x8381b</run_address>
         <size>0xa</size>
         <input_file_ref idref="fl-14"/>
      </object_component>
      <object_component id="oc-4a8">
         <name>.text:DMA_CH1_ISR</name>
         <load_address>0x83825</load_address>
         <run_address>0x83825</run_address>
         <size>0xa</size>
         <input_file_ref idref="fl-14"/>
      </object_component>
      <object_component id="oc-4a2">
         <name>.text:DMA_CH2_ISR</name>
         <load_address>0x8382f</load_address>
         <run_address>0x8382f</run_address>
         <size>0xa</size>
         <input_file_ref idref="fl-14"/>
      </object_component>
      <object_component id="oc-49c">
         <name>.text:DMA_CH3_ISR</name>
         <load_address>0x83839</load_address>
         <run_address>0x83839</run_address>
         <size>0xa</size>
         <input_file_ref idref="fl-14"/>
      </object_component>
      <object_component id="oc-496">
         <name>.text:DMA_CH4_ISR</name>
         <load_address>0x83843</load_address>
         <run_address>0x83843</run_address>
         <size>0xa</size>
         <input_file_ref idref="fl-14"/>
      </object_component>
      <object_component id="oc-490">
         <name>.text:DMA_CH5_ISR</name>
         <load_address>0x8384d</load_address>
         <run_address>0x8384d</run_address>
         <size>0xa</size>
         <input_file_ref idref="fl-14"/>
      </object_component>
      <object_component id="oc-48a">
         <name>.text:DMA_CH6_ISR</name>
         <load_address>0x83857</load_address>
         <run_address>0x83857</run_address>
         <size>0xa</size>
         <input_file_ref idref="fl-14"/>
      </object_component>
      <object_component id="oc-484">
         <name>.text:ECAP1_ISR</name>
         <load_address>0x83861</load_address>
         <run_address>0x83861</run_address>
         <size>0xa</size>
         <input_file_ref idref="fl-14"/>
      </object_component>
      <object_component id="oc-47e">
         <name>.text:ECAP2_ISR</name>
         <load_address>0x8386b</load_address>
         <run_address>0x8386b</run_address>
         <size>0xa</size>
         <input_file_ref idref="fl-14"/>
      </object_component>
      <object_component id="oc-478">
         <name>.text:ECAP3_ISR</name>
         <load_address>0x83875</load_address>
         <run_address>0x83875</run_address>
         <size>0xa</size>
         <input_file_ref idref="fl-14"/>
      </object_component>
      <object_component id="oc-472">
         <name>.text:ECAP4_ISR</name>
         <load_address>0x8387f</load_address>
         <run_address>0x8387f</run_address>
         <size>0xa</size>
         <input_file_ref idref="fl-14"/>
      </object_component>
      <object_component id="oc-46c">
         <name>.text:ECAP5_ISR</name>
         <load_address>0x83889</load_address>
         <run_address>0x83889</run_address>
         <size>0xa</size>
         <input_file_ref idref="fl-14"/>
      </object_component>
      <object_component id="oc-466">
         <name>.text:ECAP6_2_ISR</name>
         <load_address>0x83893</load_address>
         <run_address>0x83893</run_address>
         <size>0xa</size>
         <input_file_ref idref="fl-14"/>
      </object_component>
      <object_component id="oc-460">
         <name>.text:ECAP6_ISR</name>
         <load_address>0x8389d</load_address>
         <run_address>0x8389d</run_address>
         <size>0xa</size>
         <input_file_ref idref="fl-14"/>
      </object_component>
      <object_component id="oc-45a">
         <name>.text:ECAP7_2_ISR</name>
         <load_address>0x838a7</load_address>
         <run_address>0x838a7</run_address>
         <size>0xa</size>
         <input_file_ref idref="fl-14"/>
      </object_component>
      <object_component id="oc-454">
         <name>.text:ECAP7_ISR</name>
         <load_address>0x838b1</load_address>
         <run_address>0x838b1</run_address>
         <size>0xa</size>
         <input_file_ref idref="fl-14"/>
      </object_component>
      <object_component id="oc-44e">
         <name>.text:ECATRST_ISR</name>
         <load_address>0x838bb</load_address>
         <run_address>0x838bb</run_address>
         <size>0xa</size>
         <input_file_ref idref="fl-14"/>
      </object_component>
      <object_component id="oc-448">
         <name>.text:ECATSYNC0_ISR</name>
         <load_address>0x838c5</load_address>
         <run_address>0x838c5</run_address>
         <size>0xa</size>
         <input_file_ref idref="fl-14"/>
      </object_component>
      <object_component id="oc-442">
         <name>.text:ECATSYNC1_ISR</name>
         <load_address>0x838cf</load_address>
         <run_address>0x838cf</run_address>
         <size>0xa</size>
         <input_file_ref idref="fl-14"/>
      </object_component>
      <object_component id="oc-43c">
         <name>.text:ECAT_ISR</name>
         <load_address>0x838d9</load_address>
         <run_address>0x838d9</run_address>
         <size>0xa</size>
         <input_file_ref idref="fl-14"/>
      </object_component>
      <object_component id="oc-430">
         <name>.text:EMU_ISR</name>
         <load_address>0x838e3</load_address>
         <run_address>0x838e3</run_address>
         <size>0xa</size>
         <input_file_ref idref="fl-14"/>
      </object_component>
      <object_component id="oc-42a">
         <name>.text:EPWM10_ISR</name>
         <load_address>0x838ed</load_address>
         <run_address>0x838ed</run_address>
         <size>0xa</size>
         <input_file_ref idref="fl-14"/>
      </object_component>
      <object_component id="oc-424">
         <name>.text:EPWM10_TZ_ISR</name>
         <load_address>0x838f7</load_address>
         <run_address>0x838f7</run_address>
         <size>0xa</size>
         <input_file_ref idref="fl-14"/>
      </object_component>
      <object_component id="oc-41e">
         <name>.text:EPWM11_ISR</name>
         <load_address>0x83901</load_address>
         <run_address>0x83901</run_address>
         <size>0xa</size>
         <input_file_ref idref="fl-14"/>
      </object_component>
      <object_component id="oc-418">
         <name>.text:EPWM11_TZ_ISR</name>
         <load_address>0x8390b</load_address>
         <run_address>0x8390b</run_address>
         <size>0xa</size>
         <input_file_ref idref="fl-14"/>
      </object_component>
      <object_component id="oc-412">
         <name>.text:EPWM12_ISR</name>
         <load_address>0x83915</load_address>
         <run_address>0x83915</run_address>
         <size>0xa</size>
         <input_file_ref idref="fl-14"/>
      </object_component>
      <object_component id="oc-40c">
         <name>.text:EPWM12_TZ_ISR</name>
         <load_address>0x8391f</load_address>
         <run_address>0x8391f</run_address>
         <size>0xa</size>
         <input_file_ref idref="fl-14"/>
      </object_component>
      <object_component id="oc-406">
         <name>.text:EPWM13_ISR</name>
         <load_address>0x83929</load_address>
         <run_address>0x83929</run_address>
         <size>0xa</size>
         <input_file_ref idref="fl-14"/>
      </object_component>
      <object_component id="oc-400">
         <name>.text:EPWM13_TZ_ISR</name>
         <load_address>0x83933</load_address>
         <run_address>0x83933</run_address>
         <size>0xa</size>
         <input_file_ref idref="fl-14"/>
      </object_component>
      <object_component id="oc-3fa">
         <name>.text:EPWM14_ISR</name>
         <load_address>0x8393d</load_address>
         <run_address>0x8393d</run_address>
         <size>0xa</size>
         <input_file_ref idref="fl-14"/>
      </object_component>
      <object_component id="oc-3f4">
         <name>.text:EPWM14_TZ_ISR</name>
         <load_address>0x83947</load_address>
         <run_address>0x83947</run_address>
         <size>0xa</size>
         <input_file_ref idref="fl-14"/>
      </object_component>
      <object_component id="oc-3ee">
         <name>.text:EPWM15_ISR</name>
         <load_address>0x83951</load_address>
         <run_address>0x83951</run_address>
         <size>0xa</size>
         <input_file_ref idref="fl-14"/>
      </object_component>
      <object_component id="oc-3e8">
         <name>.text:EPWM15_TZ_ISR</name>
         <load_address>0x8395b</load_address>
         <run_address>0x8395b</run_address>
         <size>0xa</size>
         <input_file_ref idref="fl-14"/>
      </object_component>
      <object_component id="oc-3e2">
         <name>.text:EPWM16_ISR</name>
         <load_address>0x83965</load_address>
         <run_address>0x83965</run_address>
         <size>0xa</size>
         <input_file_ref idref="fl-14"/>
      </object_component>
      <object_component id="oc-3dc">
         <name>.text:EPWM16_TZ_ISR</name>
         <load_address>0x8396f</load_address>
         <run_address>0x8396f</run_address>
         <size>0xa</size>
         <input_file_ref idref="fl-14"/>
      </object_component>
      <object_component id="oc-3d6">
         <name>.text:EPWM1_ISR</name>
         <load_address>0x83979</load_address>
         <run_address>0x83979</run_address>
         <size>0xa</size>
         <input_file_ref idref="fl-14"/>
      </object_component>
      <object_component id="oc-3d0">
         <name>.text:EPWM1_TZ_ISR</name>
         <load_address>0x83983</load_address>
         <run_address>0x83983</run_address>
         <size>0xa</size>
         <input_file_ref idref="fl-14"/>
      </object_component>
      <object_component id="oc-3ca">
         <name>.text:EPWM2_ISR</name>
         <load_address>0x8398d</load_address>
         <run_address>0x8398d</run_address>
         <size>0xa</size>
         <input_file_ref idref="fl-14"/>
      </object_component>
      <object_component id="oc-3c4">
         <name>.text:EPWM2_TZ_ISR</name>
         <load_address>0x83997</load_address>
         <run_address>0x83997</run_address>
         <size>0xa</size>
         <input_file_ref idref="fl-14"/>
      </object_component>
      <object_component id="oc-3be">
         <name>.text:EPWM3_ISR</name>
         <load_address>0x839a1</load_address>
         <run_address>0x839a1</run_address>
         <size>0xa</size>
         <input_file_ref idref="fl-14"/>
      </object_component>
      <object_component id="oc-3b8">
         <name>.text:EPWM3_TZ_ISR</name>
         <load_address>0x839ab</load_address>
         <run_address>0x839ab</run_address>
         <size>0xa</size>
         <input_file_ref idref="fl-14"/>
      </object_component>
      <object_component id="oc-3b2">
         <name>.text:EPWM4_ISR</name>
         <load_address>0x839b5</load_address>
         <run_address>0x839b5</run_address>
         <size>0xa</size>
         <input_file_ref idref="fl-14"/>
      </object_component>
      <object_component id="oc-3ac">
         <name>.text:EPWM4_TZ_ISR</name>
         <load_address>0x839bf</load_address>
         <run_address>0x839bf</run_address>
         <size>0xa</size>
         <input_file_ref idref="fl-14"/>
      </object_component>
      <object_component id="oc-3a6">
         <name>.text:EPWM5_ISR</name>
         <load_address>0x839c9</load_address>
         <run_address>0x839c9</run_address>
         <size>0xa</size>
         <input_file_ref idref="fl-14"/>
      </object_component>
      <object_component id="oc-3a0">
         <name>.text:EPWM5_TZ_ISR</name>
         <load_address>0x839d3</load_address>
         <run_address>0x839d3</run_address>
         <size>0xa</size>
         <input_file_ref idref="fl-14"/>
      </object_component>
      <object_component id="oc-39a">
         <name>.text:EPWM6_ISR</name>
         <load_address>0x839dd</load_address>
         <run_address>0x839dd</run_address>
         <size>0xa</size>
         <input_file_ref idref="fl-14"/>
      </object_component>
      <object_component id="oc-394">
         <name>.text:EPWM6_TZ_ISR</name>
         <load_address>0x839e7</load_address>
         <run_address>0x839e7</run_address>
         <size>0xa</size>
         <input_file_ref idref="fl-14"/>
      </object_component>
      <object_component id="oc-38e">
         <name>.text:EPWM7_ISR</name>
         <load_address>0x839f1</load_address>
         <run_address>0x839f1</run_address>
         <size>0xa</size>
         <input_file_ref idref="fl-14"/>
      </object_component>
      <object_component id="oc-388">
         <name>.text:EPWM7_TZ_ISR</name>
         <load_address>0x839fb</load_address>
         <run_address>0x839fb</run_address>
         <size>0xa</size>
         <input_file_ref idref="fl-14"/>
      </object_component>
      <object_component id="oc-382">
         <name>.text:EPWM8_ISR</name>
         <load_address>0x83a05</load_address>
         <run_address>0x83a05</run_address>
         <size>0xa</size>
         <input_file_ref idref="fl-14"/>
      </object_component>
      <object_component id="oc-37c">
         <name>.text:EPWM8_TZ_ISR</name>
         <load_address>0x83a0f</load_address>
         <run_address>0x83a0f</run_address>
         <size>0xa</size>
         <input_file_ref idref="fl-14"/>
      </object_component>
      <object_component id="oc-376">
         <name>.text:EPWM9_ISR</name>
         <load_address>0x83a19</load_address>
         <run_address>0x83a19</run_address>
         <size>0xa</size>
         <input_file_ref idref="fl-14"/>
      </object_component>
      <object_component id="oc-370">
         <name>.text:EPWM9_TZ_ISR</name>
         <load_address>0x83a23</load_address>
         <run_address>0x83a23</run_address>
         <size>0xa</size>
         <input_file_ref idref="fl-14"/>
      </object_component>
      <object_component id="oc-36a">
         <name>.text:EQEP1_ISR</name>
         <load_address>0x83a2d</load_address>
         <run_address>0x83a2d</run_address>
         <size>0xa</size>
         <input_file_ref idref="fl-14"/>
      </object_component>
      <object_component id="oc-364">
         <name>.text:EQEP2_ISR</name>
         <load_address>0x83a37</load_address>
         <run_address>0x83a37</run_address>
         <size>0xa</size>
         <input_file_ref idref="fl-14"/>
      </object_component>
      <object_component id="oc-35e">
         <name>.text:EQEP3_ISR</name>
         <load_address>0x83a41</load_address>
         <run_address>0x83a41</run_address>
         <size>0xa</size>
         <input_file_ref idref="fl-14"/>
      </object_component>
      <object_component id="oc-358">
         <name>.text:FMC_ISR</name>
         <load_address>0x83a4b</load_address>
         <run_address>0x83a4b</run_address>
         <size>0xa</size>
         <input_file_ref idref="fl-14"/>
      </object_component>
      <object_component id="oc-352">
         <name>.text:FPU_OFLOW_ISR</name>
         <load_address>0x83a55</load_address>
         <run_address>0x83a55</run_address>
         <size>0xa</size>
         <input_file_ref idref="fl-14"/>
      </object_component>
      <object_component id="oc-34c">
         <name>.text:FPU_UFLOW_ISR</name>
         <load_address>0x83a5f</load_address>
         <run_address>0x83a5f</run_address>
         <size>0xa</size>
         <input_file_ref idref="fl-14"/>
      </object_component>
      <object_component id="oc-346">
         <name>.text:FSIRXA1_ISR</name>
         <load_address>0x83a69</load_address>
         <run_address>0x83a69</run_address>
         <size>0xa</size>
         <input_file_ref idref="fl-14"/>
      </object_component>
      <object_component id="oc-340">
         <name>.text:FSIRXA2_ISR</name>
         <load_address>0x83a73</load_address>
         <run_address>0x83a73</run_address>
         <size>0xa</size>
         <input_file_ref idref="fl-14"/>
      </object_component>
      <object_component id="oc-33a">
         <name>.text:FSIRXB1_ISR</name>
         <load_address>0x83a7d</load_address>
         <run_address>0x83a7d</run_address>
         <size>0xa</size>
         <input_file_ref idref="fl-14"/>
      </object_component>
      <object_component id="oc-334">
         <name>.text:FSIRXB2_ISR</name>
         <load_address>0x83a87</load_address>
         <run_address>0x83a87</run_address>
         <size>0xa</size>
         <input_file_ref idref="fl-14"/>
      </object_component>
      <object_component id="oc-32e">
         <name>.text:FSIRXC1_ISR</name>
         <load_address>0x83a91</load_address>
         <run_address>0x83a91</run_address>
         <size>0xa</size>
         <input_file_ref idref="fl-14"/>
      </object_component>
      <object_component id="oc-328">
         <name>.text:FSIRXC2_ISR</name>
         <load_address>0x83a9b</load_address>
         <run_address>0x83a9b</run_address>
         <size>0xa</size>
         <input_file_ref idref="fl-14"/>
      </object_component>
      <object_component id="oc-322">
         <name>.text:FSIRXD1_ISR</name>
         <load_address>0x83aa5</load_address>
         <run_address>0x83aa5</run_address>
         <size>0xa</size>
         <input_file_ref idref="fl-14"/>
      </object_component>
      <object_component id="oc-31c">
         <name>.text:FSIRXD2_ISR</name>
         <load_address>0x83aaf</load_address>
         <run_address>0x83aaf</run_address>
         <size>0xa</size>
         <input_file_ref idref="fl-14"/>
      </object_component>
      <object_component id="oc-316">
         <name>.text:FSIRXE1_ISR</name>
         <load_address>0x83ab9</load_address>
         <run_address>0x83ab9</run_address>
         <size>0xa</size>
         <input_file_ref idref="fl-14"/>
      </object_component>
      <object_component id="oc-310">
         <name>.text:FSIRXE2_ISR</name>
         <load_address>0x83ac3</load_address>
         <run_address>0x83ac3</run_address>
         <size>0xa</size>
         <input_file_ref idref="fl-14"/>
      </object_component>
      <object_component id="oc-30a">
         <name>.text:FSIRXF1_ISR</name>
         <load_address>0x83acd</load_address>
         <run_address>0x83acd</run_address>
         <size>0xa</size>
         <input_file_ref idref="fl-14"/>
      </object_component>
      <object_component id="oc-304">
         <name>.text:FSIRXF2_ISR</name>
         <load_address>0x83ad7</load_address>
         <run_address>0x83ad7</run_address>
         <size>0xa</size>
         <input_file_ref idref="fl-14"/>
      </object_component>
      <object_component id="oc-2fe">
         <name>.text:FSIRXG1_ISR</name>
         <load_address>0x83ae1</load_address>
         <run_address>0x83ae1</run_address>
         <size>0xa</size>
         <input_file_ref idref="fl-14"/>
      </object_component>
      <object_component id="oc-2f8">
         <name>.text:FSIRXG2_ISR</name>
         <load_address>0x83aeb</load_address>
         <run_address>0x83aeb</run_address>
         <size>0xa</size>
         <input_file_ref idref="fl-14"/>
      </object_component>
      <object_component id="oc-2f2">
         <name>.text:FSIRXH1_ISR</name>
         <load_address>0x83af5</load_address>
         <run_address>0x83af5</run_address>
         <size>0xa</size>
         <input_file_ref idref="fl-14"/>
      </object_component>
      <object_component id="oc-2ec">
         <name>.text:FSIRXH2_ISR</name>
         <load_address>0x83aff</load_address>
         <run_address>0x83aff</run_address>
         <size>0xa</size>
         <input_file_ref idref="fl-14"/>
      </object_component>
      <object_component id="oc-2e6">
         <name>.text:FSITXA1_ISR</name>
         <load_address>0x83b09</load_address>
         <run_address>0x83b09</run_address>
         <size>0xa</size>
         <input_file_ref idref="fl-14"/>
      </object_component>
      <object_component id="oc-2e0">
         <name>.text:FSITXA2_ISR</name>
         <load_address>0x83b13</load_address>
         <run_address>0x83b13</run_address>
         <size>0xa</size>
         <input_file_ref idref="fl-14"/>
      </object_component>
      <object_component id="oc-2da">
         <name>.text:FSITXB1_ISR</name>
         <load_address>0x83b1d</load_address>
         <run_address>0x83b1d</run_address>
         <size>0xa</size>
         <input_file_ref idref="fl-14"/>
      </object_component>
      <object_component id="oc-2d4">
         <name>.text:FSITXB2_ISR</name>
         <load_address>0x83b27</load_address>
         <run_address>0x83b27</run_address>
         <size>0xa</size>
         <input_file_ref idref="fl-14"/>
      </object_component>
      <object_component id="oc-2ce">
         <name>.text:I2CA_FIFO_ISR</name>
         <load_address>0x83b31</load_address>
         <run_address>0x83b31</run_address>
         <size>0xa</size>
         <input_file_ref idref="fl-14"/>
      </object_component>
      <object_component id="oc-2c8">
         <name>.text:I2CA_HIGH_ISR</name>
         <load_address>0x83b3b</load_address>
         <run_address>0x83b3b</run_address>
         <size>0xa</size>
         <input_file_ref idref="fl-14"/>
      </object_component>
      <object_component id="oc-2c2">
         <name>.text:I2CA_ISR</name>
         <load_address>0x83b45</load_address>
         <run_address>0x83b45</run_address>
         <size>0xa</size>
         <input_file_ref idref="fl-14"/>
      </object_component>
      <object_component id="oc-2bc">
         <name>.text:I2CB_FIFO_ISR</name>
         <load_address>0x83b4f</load_address>
         <run_address>0x83b4f</run_address>
         <size>0xa</size>
         <input_file_ref idref="fl-14"/>
      </object_component>
      <object_component id="oc-2b6">
         <name>.text:I2CB_ISR</name>
         <load_address>0x83b59</load_address>
         <run_address>0x83b59</run_address>
         <size>0xa</size>
         <input_file_ref idref="fl-14"/>
      </object_component>
      <object_component id="oc-2b0">
         <name>.text:ILLEGAL_ISR</name>
         <load_address>0x83b63</load_address>
         <run_address>0x83b63</run_address>
         <size>0xa</size>
         <input_file_ref idref="fl-14"/>
      </object_component>
      <object_component id="oc-616">
         <name>.text:Interrupt_illegalOperationHandler</name>
         <load_address>0x83b6d</load_address>
         <run_address>0x83b6d</run_address>
         <size>0xa</size>
         <input_file_ref idref="fl-3a"/>
      </object_component>
      <object_component id="oc-60a">
         <name>.text:Interrupt_nmiHandler</name>
         <load_address>0x83b77</load_address>
         <run_address>0x83b77</run_address>
         <size>0xa</size>
         <input_file_ref idref="fl-3a"/>
      </object_component>
      <object_component id="oc-2aa">
         <name>.text:MCANA_0_ISR</name>
         <load_address>0x83b81</load_address>
         <run_address>0x83b81</run_address>
         <size>0xa</size>
         <input_file_ref idref="fl-14"/>
      </object_component>
      <object_component id="oc-2a4">
         <name>.text:MCANA_1_ISR</name>
         <load_address>0x83b8b</load_address>
         <run_address>0x83b8b</run_address>
         <size>0xa</size>
         <input_file_ref idref="fl-14"/>
      </object_component>
      <object_component id="oc-29e">
         <name>.text:MCANA_ECC_ISR</name>
         <load_address>0x83b95</load_address>
         <run_address>0x83b95</run_address>
         <size>0xa</size>
         <input_file_ref idref="fl-14"/>
      </object_component>
      <object_component id="oc-298">
         <name>.text:MCANA_WAKE_ISR</name>
         <load_address>0x83b9f</load_address>
         <run_address>0x83b9f</run_address>
         <size>0xa</size>
         <input_file_ref idref="fl-14"/>
      </object_component>
      <object_component id="oc-292">
         <name>.text:MCBSPA_RX_ISR</name>
         <load_address>0x83ba9</load_address>
         <run_address>0x83ba9</run_address>
         <size>0xa</size>
         <input_file_ref idref="fl-14"/>
      </object_component>
      <object_component id="oc-28c">
         <name>.text:MCBSPA_TX_ISR</name>
         <load_address>0x83bb3</load_address>
         <run_address>0x83bb3</run_address>
         <size>0xa</size>
         <input_file_ref idref="fl-14"/>
      </object_component>
      <object_component id="oc-286">
         <name>.text:MCBSPB_RX_ISR</name>
         <load_address>0x83bbd</load_address>
         <run_address>0x83bbd</run_address>
         <size>0xa</size>
         <input_file_ref idref="fl-14"/>
      </object_component>
      <object_component id="oc-280">
         <name>.text:MCBSPB_TX_ISR</name>
         <load_address>0x83bc7</load_address>
         <run_address>0x83bc7</run_address>
         <size>0xa</size>
         <input_file_ref idref="fl-14"/>
      </object_component>
      <object_component id="oc-27a">
         <name>.text:MPOST_ISR</name>
         <load_address>0x83bd1</load_address>
         <run_address>0x83bd1</run_address>
         <size>0xa</size>
         <input_file_ref idref="fl-14"/>
      </object_component>
      <object_component id="oc-274">
         <name>.text:NMI_ISR</name>
         <load_address>0x83bdb</load_address>
         <run_address>0x83bdb</run_address>
         <size>0xa</size>
         <input_file_ref idref="fl-14"/>
      </object_component>
      <object_component id="oc-26e">
         <name>.text:NOTUSED_ISR</name>
         <load_address>0x83be5</load_address>
         <run_address>0x83be5</run_address>
         <size>0xa</size>
         <input_file_ref idref="fl-14"/>
      </object_component>
      <object_component id="oc-268">
[...]
         <value>0x836bd</value>
         <object_component_ref idref="oc-580"/>
      </symbol>
      <symbol id="sm-b20">
         <name>CLB5_ISR</name>
         <value>0x8378f</value>
         <object_component_ref idref="oc-502"/>
      </symbol>
      <symbol id="sm-b21">
         <name>ECAP7_2_ISR</name>
         <value>0x838a7</value>
         <object_component_ref idref="oc-45a"/>
      </symbol>
      <symbol id="sm-b22">
         <name>FSIRXA1_ISR</name>
         <value>0x83a69</value>
         <object_component_ref idref="oc-346"/>
      </symbol>
      <symbol id="sm-b23">
         <name>EPWM1_TZ_ISR</name>
         <value>0x83983</value>
         <object_component_ref idref="oc-3d0"/>
      </symbol>
      <symbol id="sm-b24">
         <name>FSIRXB1_ISR</name>
         <value>0x83a7d</value>
         <object_component_ref idref="oc-33a"/>
      </symbol>
      <symbol id="sm-b25">
         <name>FSIRXC1_ISR</name>
         <value>0x83a91</value>
         <object_component_ref idref="oc-32e"/>
      </symbol>
      <symbol id="sm-b26">
         <name>FSIRXD1_ISR</name>
         <value>0x83aa5</value>
         <object_component_ref idref="oc-322"/>
      </symbol>
      <symbol id="sm-b27">
         <name>I2CA_FIFO_ISR</name>
         <value>0x83b31</value>
         <object_component_ref idref="oc-2ce"/>
      </symbol>
      <symbol id="sm-b28">
         <name>FSIRXE1_ISR</name>
         <value>0x83ab9</value>
         <object_component_ref idref="oc-316"/>
      </symbol>
      <symbol id="sm-b29">
         <name>FSIRXF1_ISR</name>
         <value>0x83acd</value>
         <object_component_ref idref="oc-30a"/>
      </symbol>
      <symbol id="sm-b2a">
         <name>FSIRXG1_ISR</name>
         <value>0x83ae1</value>
         <object_component_ref idref="oc-2fe"/>
      </symbol>
      <symbol id="sm-b2b">
         <name>FSIRXH1_ISR</name>
         <value>0x83af5</value>
         <object_component_ref idref="oc-2f2"/>
      </symbol>
      <symbol id="sm-b2c">
         <name>EPWM2_ISR</name>
         <value>0x8398d</value>
         <object_component_ref idref="oc-3ca"/>
      </symbol>
      <symbol id="sm-b2d">
         <name>USBA_ISR</name>
         <value>0x83d39</value>
         <object_component_ref idref="oc-1a2"/>
      </symbol>
      <symbol id="sm-b2e">
         <name>SDFM1DR4_ISR</name>
         <value>0x83c7b</value>
         <object_component_ref idref="oc-214"/>
      </symbol>
      <symbol id="sm-b2f">
         <name>ADCD_EVT_ISR</name>
         <value>0x8369f</value>
         <object_component_ref idref="oc-592"/>
      </symbol>
      <symbol id="sm-b30">
         <name>DMA_CH3_ISR</name>
         <value>0x83839</value>
         <object_component_ref idref="oc-49c"/>
      </symbol>
      <symbol id="sm-b31">
         <name>FMC_ISR</name>
         <value>0x83a4b</value>
         <object_component_ref idref="oc-358"/>
      </symbol>
      <symbol id="sm-b32">
         <name>ADCC_EVT_ISR</name>
         <value>0x8366d</value>
         <object_component_ref idref="oc-5b0"/>
      </symbol>
      <symbol id="sm-b33">
         <name>EPWM11_ISR</name>
         <value>0x83901</value>
         <object_component_ref idref="oc-41e"/>
      </symbol>
      <symbol id="sm-b34">
         <name>DATALOG_ISR</name>
         <value>0x8381b</value>
         <object_component_ref idref="oc-4ae"/>
      </symbol>
      <symbol id="sm-b35">
         <name>XINT2_ISR</name>
         <value>0x83dcf</value>
         <object_component_ref idref="oc-148"/>
      </symbol>
      <symbol id="sm-b36">
         <name>MCANA_0_ISR</name>
         <value>0x83b81</value>
         <object_component_ref idref="oc-2aa"/>
      </symbol>
      <symbol id="sm-b37">
         <name>PIE_RESERVED_ISR</name>
         <value>0x83bef</value>
         <object_component_ref idref="oc-268"/>
      </symbol>
      <symbol id="sm-b38">
         <name>SCIB_RX_ISR</name>
         <value>0x83c21</value>
         <object_component_ref idref="oc-24a"/>
      </symbol>
      <symbol id="sm-b39">
         <name>SCIB_TX_ISR</name>
         <value>0x83c2b</value>
         <object_component_ref idref="oc-244"/>
      </symbol>
      <symbol id="sm-b3a">
         <name>I2CB_ISR</name>
         <value>0x83b59</value>
         <object_component_ref idref="oc-2b6"/>
      </symbol>
      <symbol id="sm-b3b">
         <name>CANA1_ISR</name>
         <value>0x836b3</value>
         <object_component_ref idref="oc-586"/>
      </symbol>
      <symbol id="sm-b3c">
         <name>SPIC_RX_ISR</name>
         <value>0x83ce9</value>
         <object_component_ref idref="oc-1d2"/>
      </symbol>
      <symbol id="sm-b3d">
         <name>CANB1_ISR</name>
         <value>0x836c7</value>
         <object_component_ref idref="oc-57a"/>
      </symbol>
      <symbol id="sm-b3e">
         <name>CPUCRC_ISR</name>
         <value>0x83811</value>
         <object_component_ref idref="oc-4b4"/>
      </symbol>
      <symbol id="sm-b3f">
         <name>CLB6_ISR</name>
         <value>0x83799</value>
         <object_component_ref idref="oc-4fc"/>
      </symbol>
      <symbol id="sm-b40">
         <name>SPIC_TX_ISR</name>
         <value>0x83cf3</value>
         <object_component_ref idref="oc-1cc"/>
      </symbol>
      <symbol id="sm-b41">
         <name>EPWM15_TZ_ISR</name>
         <value>0x8395b</value>
         <object_component_ref idref="oc-3e8"/>
      </symbol>
      <symbol id="sm-b42">
         <name>FSIRXA2_ISR</name>
         <value>0x83a73</value>
         <object_component_ref idref="oc-340"/>
      </symbol>
      <symbol id="sm-b43">
         <name>FSIRXB2_ISR</name>
         <value>0x83a87</value>
         <object_component_ref idref="oc-334"/>
      </symbol>
      <symbol id="sm-b44">
         <name>EPWM12_TZ_ISR</name>
         <value>0x8391f</value>
         <object_component_ref idref="oc-40c"/>
      </symbol>
      <symbol id="sm-b45">
         <name>FSIRXC2_ISR</name>
         <value>0x83a9b</value>
         <object_component_ref idref="oc-328"/>
      </symbol>
      <symbol id="sm-b46">
         <name>ILLEGAL_ISR</name>
         <value>0x83b63</value>
         <object_component_ref idref="oc-2b0"/>
      </symbol>
      <symbol id="sm-b47">
         <name>FSIRXD2_ISR</name>
         <value>0x83aaf</value>
         <object_component_ref idref="oc-31c"/>
      </symbol>
      <symbol id="sm-b48">
         <name>FSIRXE2_ISR</name>
         <value>0x83ac3</value>
         <object_component_ref idref="oc-310"/>
      </symbol>
      <symbol id="sm-b49">
         <name>FSIRXF2_ISR</name>
         <value>0x83ad7</value>
         <object_component_ref idref="oc-304"/>
      </symbol>
      <symbol id="sm-b4a">
         <name>FSIRXG2_ISR</name>
         <value>0x83aeb</value>
         <object_component_ref idref="oc-2f8"/>
      </symbol>
      <symbol id="sm-b4b">
         <name>FSIRXH2_ISR</name>
         <value>0x83aff</value>
         <object_component_ref idref="oc-2ec"/>
      </symbol>
      <symbol id="sm-b4c">
         <name>EPWM3_ISR</name>
         <value>0x839a1</value>
         <object_component_ref idref="oc-3be"/>
      </symbol>
      <symbol id="sm-b4d">
         <name>I2CA_HIGH_ISR</name>
         <value>0x83b3b</value>
         <object_component_ref idref="oc-2c8"/>
      </symbol>
      <symbol id="sm-b4e">
         <name>FPU_UFLOW_ISR</name>
         <value>0x83a5f</value>
         <object_component_ref idref="oc-34c"/>
      </symbol>
      <symbol id="sm-b4f">
         <name>TIMER0_ISR</name>
         <value>0x83d1b</value>
         <object_component_ref idref="oc-1b4"/>
      </symbol>
      <symbol id="sm-b50">
         <name>EPWM10_ISR</name>
         <value>0x838ed</value>
         <object_component_ref idref="oc-42a"/>
      </symbol>
      <symbol id="sm-b51">
         <name>USER3_ISR</name>
         <value>0x83d75</value>
         <object_component_ref idref="oc-17e"/>
      </symbol>
      <symbol id="sm-b52">
         <name>MCANA_1_ISR</name>
         <value>0x83b8b</value>
         <object_component_ref idref="oc-2a4"/>
      </symbol>
      <symbol id="sm-b75">
         <name>GPIO_SetupPinMux</name>
         <value>0x82c48</value>
         <object_component_ref idref="oc-6d4"/>
      </symbol>
      <symbol id="sm-b76">
         <name>GPIO_SetupPinOptions</name>
         <value>0x82a0d</value>
         <object_component_ref idref="oc-6da"/>
      </symbol>
      <symbol id="sm-b83">
         <name>PieVectTableInit</name>
         <value>0x90000</value>
         <object_component_ref idref="oc-139"/>
      </symbol>
      <symbol id="sm-b9b">
         <name>CPUTimer_setEmulationMode</name>
         <value>0x83e1e</value>
         <object_component_ref idref="oc-839"/>
      </symbol>
      <symbol id="sm-bad">
         <name>DCC_verifyClockFrequency</name>
         <value>0x82607</value>
         <object_component_ref idref="oc-9dc"/>
      </symbol>
      <symbol id="sm-bc2">
         <name>Flash_initModule</name>
         <value>0x8616</value>
         <object_component_ref idref="oc-949"/>
      </symbol>
      <symbol id="sm-bf4">
         <name>GPIO_setQualificationMode</name>
         <value>0x8326f</value>
         <object_component_ref idref="oc-680"/>
      </symbol>
      <symbol id="sm-bf5">
         <name>GPIO_setPadConfig</name>
         <value>0x82f77</value>
         <object_component_ref idref="oc-67a"/>
      </symbol>
      <symbol id="sm-bf6">
         <name>GPIO_setDirectionMode</name>
         <value>0x832d5</value>
         <object_component_ref idref="oc-674"/>
      </symbol>
      <symbol id="sm-bf7">
         <name>GPIO_setPinConfig</name>
         <value>0x83024</value>
         <object_component_ref idref="oc-66e"/>
      </symbol>
      <symbol id="sm-bf8">
         <name>GPIO_setControllerCore</name>
         <value>0x8324d</value>
         <object_component_ref idref="oc-668"/>
      </symbol>
      <symbol id="sm-c59">
         <name>Interrupt_defaultHandler</name>
         <value>0x835b2</value>
         <object_component_ref idref="oc-61c"/>
      </symbol>
      <symbol id="sm-c5a">
         <name>Interrupt_disable</name>
         <value>0x82e25</value>
         <object_component_ref idref="oc-7c1"/>
      </symbol>
      <symbol id="sm-c5b">
         <name>Interrupt_initModule</name>
         <value>0x82ef6</value>
         <object_component_ref idref="oc-907"/>
      </symbol>
      <symbol id="sm-c5c">
         <name>Interrupt_nmiHandler</name>
         <value>0x83b77</value>
         <object_component_ref idref="oc-60a"/>
      </symbol>
      <symbol id="sm-c5d">
         <name>Interrupt_enable</name>
         <value>0x82fee</value>
         <object_component_ref idref="oc-686"/>
      </symbol>
      <symbol id="sm-c5e">
         <name>Interrupt_initVectorTable</name>
         <value>0x83390</value>
         <object_component_ref idref="oc-60c"/>
      </symbol>
      <symbol id="sm-c5f">
         <name>Interrupt_illegalOperationHandler</name>
         <value>0x83b6d</value>
         <object_component_ref idref="oc-616"/>
      </symbol>
      <symbol id="sm-c85">
         <name>IPC_unregisterInterrupt</name>
         <value>0x833e6</value>
         <object_component_ref idref="oc-622"/>
      </symbol>
      <symbol id="sm-c86">
         <name>IPC_CPU_To_CM_GetBuffer</name>
         <value>0x38000</value>
         <object_component_ref idref="oc-877"/>
      </symbol>
      <symbol id="sm-c87">
         <name>IPC_CPU1_To_CPU2_GetBuffer</name>
         <value>0x3b000</value>
         <object_component_ref idref="oc-871"/>
      </symbol>
      <symbol id="sm-c88">
         <name>IPC_CPU1_To_CPU2_PutBuffer</name>
         <value>0x3a000</value>
         <object_component_ref idref="oc-86e"/>
      </symbol>
      <symbol id="sm-c89">
         <name>IPC_CPU_To_CM_PutBuffer</name>
         <value>0x39000</value>
         <object_component_ref idref="oc-874"/>
      </symbol>
      <symbol id="sm-c8a">
         <name>IPC_Instance</name>
         <value>0x901c0</value>
         <object_component_ref idref="oc-7be"/>
      </symbol>
      <symbol id="sm-cd2">
         <name>SCI_readCharArray</name>
         <value>0x832f5</value>
         <object_component_ref idref="oc-653"/>
      </symbol>
      <symbol id="sm-cd3">
         <name>SCI_clearInterruptStatus</name>
         <value>0x83402</value>
         <object_component_ref idref="oc-662"/>
      </symbol>
      <symbol id="sm-cd4">
         <name>SCI_writeCharArray</name>
         <value>0x83291</value>
         <object_component_ref idref="oc-846"/>
      </symbol>
      <symbol id="sm-cd5">
         <name>SCI_disableInterrupt</name>
         <value>0x8341e</value>
         <object_component_ref idref="oc-698"/>
      </symbol>
      <symbol id="sm-cd6">
         <name>SCI_setConfig</name>
         <value>0x830dd</value>
         <object_component_ref idref="oc-68c"/>
      </symbol>
      <symbol id="sm-cd7">
         <name>SCI_enableInterrupt</name>
         <value>0x83438</value>
         <object_component_ref idref="oc-692"/>
      </symbol>
      <symbol id="sm-ce5">
         <name>SPI_setConfig</name>
         <value>0x83201</value>
         <object_component_ref idref="oc-a10"/>
      </symbol>
      <symbol id="sm-d61">
         <name>SysCtl_isPLLValid</name>
         <value>0x82000</value>
         <object_component_ref idref="oc-9e9"/>
      </symbol>
      <symbol id="sm-d62">
         <name>SysCtl_delay</name>
         <value>0x8655</value>
         <object_component_ref idref="oc-94f"/>
      </symbol>
      <symbol id="sm-d63">
         <name>SysCtl_selectXTALSingleEnded</name>
         <value>0x832b3</value>
         <object_component_ref idref="oc-a50"/>
      </symbol>
      <symbol id="sm-d64">
         <name>SysCtl_selectXTAL</name>
         <value>0x82eb4</value>
         <object_component_ref idref="oc-a56"/>
      </symbol>
      <symbol id="sm-d65">
         <name>SysCtl_selectOscSource</name>
         <value>0x83108</value>
         <object_component_ref idref="oc-9e3"/>
      </symbol>
      <symbol id="sm-d66">
         <name>SysCtl_setClock</name>
         <value>0x82300</value>
         <object_component_ref idref="oc-956"/>
      </symbol>
      <symbol id="sm-d67">
         <name>SysCtl_selectOscSourceAuxPLL</name>
         <value>0x82ced</value>
         <object_component_ref idref="oc-9f1"/>
      </symbol>
      <symbol id="sm-d68">
         <name>SysCtl_setAuxClock</name>
         <value>0x8251b</value>
         <object_component_ref idref="oc-95c"/>
      </symbol>
      <symbol id="sm-d94">
         <name>PieVectTable</name>
         <value>0xd00</value>
         <object_component_ref idref="oc-6d1"/>
      </symbol>
      <symbol id="sm-d95">
         <name>GpioCtrlRegs</name>
         <value>0x7c00</value>
         <object_component_ref idref="oc-85e"/>
      </symbol>
      <symbol id="sm-d96">
         <name>CpuSysRegs</name>
         <value>0x5d300</value>
         <object_component_ref idref="oc-6cb"/>
      </symbol>
      <symbol id="sm-d97">
         <name>DevCfgRegs</name>
         <value>0x5d000</value>
         <object_component_ref idref="oc-6ce"/>
      </symbol>
      <symbol id="sm-d98">
         <name>PieCtrlRegs</name>
         <value>0xce0</value>
         <object_component_ref idref="oc-6bb"/>
      </symbol>
      <symbol id="sm-d99">
         <name>SpiaRegs</name>
         <value>0x6100</value>
         <object_component_ref idref="oc-99a"/>
      </symbol>
      <symbol id="sm-d9a">
         <name>SciaRegs</name>
         <value>0x7200</value>
         <object_component_ref idref="oc-6c1"/>
      </symbol>
      <symbol id="sm-da5">
         <name>_c_int00</name>
         <value>0x8349d</value>
         <object_component_ref idref="oc-e4"/>
      </symbol>
      <symbol id="sm-da6">
         <name>__stack</name>
         <value>0x400</value>
         <object_component_ref idref="oc-628"/>
      </symbol>
      <symbol id="sm-dae">
         <name>__c28xabi_orll</name>
         <value>0x834be</value>
         <object_component_ref idref="oc-a26"/>
      </symbol>
      <symbol id="sm-daf">
         <name>__c28xabi_xorll</name>
         <value>0x834c6</value>
         <object_component_ref idref="oc-a26"/>
      </symbol>
      <symbol id="sm-db0">
         <name>__c28xabi_andll</name>
         <value>0x834b6</value>
         <object_component_ref idref="oc-a26"/>
      </symbol>
      <symbol id="sm-dba">
         <name>__c28xabi_cmpll</name>
         <value>0x83371</value>
         <object_component_ref idref="oc-6c4"/>
      </symbol>
      <symbol id="sm-dbb">
         <name>__c28xabi_cmpull</name>
         <value>0x83383</value>
         <object_component_ref idref="oc-6c4"/>
      </symbol>
      <symbol id="sm-dcd">
         <name>memcpy</name>
         <value>0x833ad</value>
         <object_component_ref idref="oc-62b"/>
      </symbol>
      <symbol id="sm-dda">
         <name>_system_pre_init</name>
         <value>0x83e35</value>
         <object_component_ref idref="oc-63f"/>
      </symbol>
      <symbol id="sm-de9">
         <name>__TI_auto_init_nobinit_nopinit</name>
         <value>0x83133</value>
         <object_component_ref idref="oc-7dc"/>
      </symbol>
      <symbol id="sm-df8">
         <name>__TI_zero_init_nomemset</name>
         <value>0x835a5</value>
         <object_component_ref idref="oc-633"/>
      </symbol>
      <symbol id="sm-e05">
         <name>__TI_decompress_none</name>
         <value>0x83e00</value>
         <object_component_ref idref="oc-dd"/>
      </symbol>
      <symbol id="sm-e19">
         <name>__TI_decompress_lzss</name>
         <value>0x83083</value>
         <object_component_ref idref="oc-d7"/>
      </symbol>
      <symbol id="sm-e2f">
         <name>C$$EXIT</name>
         <value>0x831b0</value>
         <object_component_ref idref="oc-64c"/>
      </symbol>
      <symbol id="sm-e30">
         <name>abort</name>
         <value>0x831b0</value>
         <object_component_ref idref="oc-64c"/>
      </symbol>
      <symbol id="sm-e31">
         <name>exit</name>
         <value>0x831b2</value>
         <object_component_ref idref="oc-64c"/>
      </symbol>
      <symbol id="sm-e32">
         <name>__TI_dtors_ptr</name>
         <value>0xa826</value>
         <object_component_ref idref="oc-814"/>
      </symbol>
      <symbol id="sm-e33">
         <name>__TI_cleanup_ptr</name>
         <value>0xa824</value>
         <object_component_ref idref="oc-814"/>
      </symbol>
      <symbol id="sm-e34">
         <name>__TI_enable_exit_profile_output</name>
         <value>0xa822</value>
         <object_component_ref idref="oc-814"/>
      </symbol>
      <symbol id="sm-e4b">
         <name>_nop</name>
         <value>0x83dff</value>
         <object_component_ref idref="oc-8c5"/>
      </symbol>
      <symbol id="sm-e4c">
         <name>_lock</name>
         <value>0xa82c</value>
         <object_component_ref idref="oc-817"/>
      </symbol>
      <symbol id="sm-e4d">
         <name>_unlock</name>
         <value>0xa82e</value>
         <object_component_ref idref="oc-939"/>
      </symbol>
      <symbol id="sm-e4e">
         <name>_register_lock</name>
         <value>0x83dfb</value>
         <object_component_ref idref="oc-8c5"/>
      </symbol>
      <symbol id="sm-e4f">
         <name>_register_unlock</name>
         <value>0x83df7</value>
         <object_component_ref idref="oc-8c5"/>
      </symbol>
      <symbol id="sm-e5e">
         <name>_args_main</name>
         <value>0x835be</value>
         <object_component_ref idref="oc-646"/>
      </symbol>
      <symbol id="sm-e6d">
         <name>_system_post_cinit</name>
         <value>0x8338f</value>
         <object_component_ref idref="oc-891"/>
      </symbol>
      <symbol id="sm-e6f">
         <name>__c_args__</name>
         <value>0x0</value>
      </symbol>
   </symbol_table>
   <title>Link successful</title>
</link_info>
