******************************************************************************
             TMS320C2000 Linker PC v22.6.3                     
******************************************************************************
>> Linked Fri Feb 20 14:15:16 2026

OUTPUT FILE NAME:   <RBX_ENC_INSP.out>
ENTRY POINT SYMBOL: "_c_int00"  address: 000834bf


MEMORY CONFIGURATION

         name            origin    length      used     unused   attr    fill
----------------------  --------  ---------  --------  --------  ----  --------
PAGE 0:
  BOOT_RSVD             00000002   000001af  00000000  000001af  RWIX
  RAMM0                 000001b1   0000024f  00000000  0000024f  RWIX
  RAMM1                 00000400   000003f8  00000200  000001f8  RWIX
  RAMLS0                00008000   00000800  00000659  000001a7  RWIX
  RAMLS1                00008800   00000800  00000000  00000800  RWIX
  RAMLS2                00009000   00000800  00000000  00000800  RWIX
  RAMLS3                00009800   00000800  00000000  00000800  RWIX
  RAMLS4                0000a000   00000800  00000000  00000800  RWIX
  RAMLS5                0000a800   00000800  0000015a  000006a6  RWIX
  RAMLS6                0000b000   00000800  00000000  00000800  RWIX
  RAMLS7                0000b800   00000800  00000000  00000800  RWIX
  RAMD0                 0000c000   00000800  00000000  00000800  RWIX
  RAMD1                 0000c800   00000800  00000000  00000800  RWIX
  RAMGS0                0000d000   00001000  00000000  00001000  RWIX
  RAMGS1                0000e000   00001000  00000000  00001000  RWIX
  RAMGS2                0000f000   00001000  00000000  00001000  RWIX
  RAMGS3                00010000   00001000  00000000  00001000  RWIX
  RAMGS4                00011000   00001000  00000000  00001000  RWIX
  RAMGS5                00012000   00001000  00000000  00001000  RWIX
  RAMGS6                00013000   00001000  00000000  00001000  RWIX
  RAMGS7                00014000   00001000  00000000  00001000  RWIX
  RAMGS8                00015000   00001000  00000000  00001000  RWIX
  RAMGS9                00016000   00001000  00000000  00001000  RWIX
  RAMGS10               00017000   00001000  00000000  00001000  RWIX
  RAMGS11               00018000   00001000  00000000  00001000  RWIX
  RAMGS12               00019000   00001000  00000000  00001000  RWIX
  RAMGS13               0001a000   00001000  00000000  00001000  RWIX
  RAMGS14               0001b000   00001000  00000000  00001000  RWIX
  RAMGS15               0001c000   00000ff8  00000000  00000ff8  RWIX
  CMTOCPURAM            00038000   00000800  00000088  00000778  RWIX
  CPUTOCMRAM            00039000   00000800  00000088  00000778  RWIX
  CPU1TOCPU2RAM         0003a000   00000800  00000088  00000778  RWIX
  CPU2TOCPU1RAM         0003b000   00000800  00000088  00000778  RWIX
  CANA_MSG_RAM          00049000   00000800  00000000  00000800  RWIX
  CANB_MSG_RAM          0004b000   00000800  00000000  00000800  RWIX
  BEGIN                 00080000   00000002  00000002  00000000  RWIX
  FLASH0                00080002   00001ffe  00000000  00001ffe  RWIX
  FLASH1                00082000   00002000  00001e55  000001ab  RWIX
  FLASH2                00084000   00002000  00000000  00002000  RWIX
  FLASH3                00086000   00002000  00000659  000019a7  RWIX
  FLASH4                00088000   00008000  00000028  00007fd8  RWIX
  FLASH5                00090000   00008000  00000248  00007db8  RWIX
  FLASH6                00098000   00008000  00000000  00008000  RWIX
  FLASH7                000a0000   00008000  00000000  00008000  RWIX
  FLASH8                000a8000   00008000  00000000  00008000  RWIX
  FLASH9                000b0000   00008000  00000000  00008000  RWIX
  FLASH10               000b8000   00002000  00000000  00002000  RWIX
  FLASH11               000ba000   00002000  00000000  00002000  RWIX
  FLASH12               000bc000   00002000  00000000  00002000  RWIX
  FLASH13               000be000   00001ff0  00000000  00001ff0  RWIX
  RESET                 003fffc0   00000002  00000000  00000002  RWIX

PAGE 1:
  ADCARESULT            00000b00   00000018  00000000  00000018  RWIX
  ADCBRESULT            00000b20   00000018  00000000  00000018  RWIX
  ADCCRESULT            00000b40   00000018  00000000  00000018  RWIX
  ADCDRESULT            00000b60   00000018  00000000  00000018  RWIX
  CPUTIMER0             00000c00   00000008  00000000  00000008  RWIX
  CPUTIMER1             00000c08   00000008  00000000  00000008  RWIX
  CPUTIMER2             00000c10   00000008  00000000  00000008  RWIX
  PIECTRL               00000ce0   0000001a  0000001a  00000000  RWIX
  PIEVECTTABLE          00000d00   00000200  000001c0  00000040  RWIX
  DMA                   00001000   00000200  00000000  00000200  RWIX
  CLA1                  00001400   00000080  00000000  00000080  RWIX
  CLB1LOGICCFG          00003000   00000052  00000000  00000052  RWIX
  CLB1LOGICCTRL         00003100   00000040  00000000  00000040  RWIX
  CLB1DATAEXCH          00003180   00000080  00000000  00000080  RWIX
  CLB2LOGICCFG          00003200   00000052  00000000  00000052  RWIX
  CLB2LOGICCTRL         00003300   00000040  00000000  00000040  RWIX
  CLB2DATAEXCH          00003380   00000080  00000000  00000080  RWIX
  CLB3LOGICCFG          00003400   00000052  00000000  00000052  RWIX
  CLB3LOGICCTRL         00003500   00000040  00000000  00000040  RWIX
  CLB3DATAEXCH          00003580   00000080  00000000  00000080  RWIX
  CLB4LOGICCFG          00003600   00000052  00000000  00000052  RWIX
  CLB4LOGICCTRL         00003700   00000040  00000000  00000040  RWIX
  CLB4DATAEXCH          00003780   00000080  00000000  00000080  RWIX
  CLB5LOGICCFG          00003800   00000052  00000000  00000052  RWIX
  CLB5LOGICCTRL         00003900   00000040  00000000  00000040  RWIX
  CLB5DATAEXCH          00003980   00000080  00000000  00000080  RWIX
  CLB6LOGICCFG          00003a00   00000052  00000000  00000052  RWIX
  CLB6LOGICCTRL         00003b00   00000040  00000000  00000040  RWIX
  CLB6DATAEXCH          00003b80   00000080  00000000  00000080  RWIX
  CLB7LOGICCFG          00003c00   00000052  00000000  00000052  RWIX
  CLB7LOGICCTRL         00003d00   00000040  00000000  00000040  RWIX
  CLB7DATAEXCH          00003d80   00000080  00000000  00000080  RWIX
  CLB8LOGICCFG          00003e00   00000052  00000000  00000052  RWIX
  CLB8LOGICCTRL         00003f00   00000040  00000000  00000040  RWIX
  CLB8DATAEXCH          00003f80   00000080  00000000  00000080  RWIX
  EPWM1                 00004000   00000100  00000000  00000100  RWIX
  EPWM2                 00004100   00000100  00000000  00000100  RWIX
  EPWM3                 00004200   00000100  00000000  00000100  RWIX
  EPWM4                 00004300   00000100  00000000  00000100  RWIX
  EPWM5                 00004400   00000100  00000000  00000100  RWIX
  EPWM6                 00004500   00000100  00000000  00000100  RWIX
  EPWM7                 00004600   00000100  00000000  00000100  RWIX
  EPWM8                 00004700   00000100  00000000  00000100  RWIX
  EPWM9                 00004800   00000100  00000000  00000100  RWIX
  EPWM10                00004900   00000100  00000000  00000100  RWIX
  EPWM11                00004a00   00000100  00000000  00000100  RWIX
  EPWM12                00004b00   00000100  00000000  00000100  RWIX
  EPWM13                00004c00   00000100  00000000  00000100  RWIX
  EPWM14                00004d00   00000100  00000000  00000100  RWIX
  EPWM15                00004e00   00000100  00000000  00000100  RWIX
  EPWM16                00004f00   00000100  00000000  00000100  RWIX
  EQEP1                 00005100   00000040  00000000  00000040  RWIX
  EQEP2                 00005140   00000040  00000000  00000040  RWIX
  EQEP3                 00005180   00000040  00000000  00000040  RWIX
  ECAP1                 00005200   00000020  00000000  00000020  RWIX
  ECAP2                 00005240   00000020  00000000  00000020  RWIX
  ECAP3                 00005280   00000020  00000000  00000020  RWIX
  ECAP4                 000052c0   00000020  00000000  00000020  RWIX
  ECAP5                 00005300   00000020  00000000  00000020  RWIX
  ECAP6                 00005340   00000020  00000000  00000020  RWIX
  HRCAP6                00005360   00000020  00000000  00000020  RWIX
  ECAP7                 00005380   00000020  00000000  00000020  RWIX
  HRCAP7                000053a0   00000020  00000000  00000020  RWIX
  DACA                  00005c00   00000008  00000000  00000008  RWIX
  DACB                  00005c10   00000008  00000000  00000008  RWIX
  DACC                  00005c20   00000008  00000000  00000008  RWIX
  CMPSS1                00005c80   00000020  00000000  00000020  RWIX
  CMPSS2                00005ca0   00000020  00000000  00000020  RWIX
  CMPSS3                00005cc0   00000020  00000000  00000020  RWIX
  CMPSS4                00005ce0   00000020  00000000  00000020  RWIX
  CMPSS5                00005d00   00000020  00000000  00000020  RWIX
  CMPSS6                00005d20   00000020  00000000  00000020  RWIX
  CMPSS7                00005d40   00000020  00000000  00000020  RWIX
  CMPSS8                00005d60   00000020  00000000  00000020  RWIX
  SDFM1                 00005e00   00000080  00000000  00000080  RWIX
  SDFM2                 00005e80   00000080  00000000  00000080  RWIX
  MCBSPA                00006000   00000024  00000000  00000024  RWIX
  MCBSPB                00006040   00000024  00000000  00000024  RWIX
  SPIA                  00006100   00000010  00000010  00000000  RWIX
  SPIB                  00006110   00000010  00000000  00000010  RWIX
  SPIC                  00006120   00000010  00000000  00000010  RWIX
  SPID                  00006130   00000010  00000000  00000010  RWIX
  BGCRCCPU              00006340   00000040  00000000  00000040  RWIX
  BGCRCCLA1             00006380   00000040  00000000  00000040  RWIX
  PMBUSA                00006400   00000020  00000000  00000020  RWIX
  FSITXA                00006600   00000050  00000000  00000050  RWIX
  FSIRXA                00006680   00000050  00000000  00000050  RWIX
  FSITXB                00006700   00000050  00000000  00000050  RWIX
  FSIRXB                00006780   00000050  00000000  00000050  RWIX
  FSIRXC                00006880   00000050  00000000  00000050  RWIX
  FSIRXD                00006980   00000050  00000000  00000050  RWIX
  FSIRXE                00006a80   00000050  00000000  00000050  RWIX
  FSIRXF                00006b80   00000050  00000000  00000050  RWIX
  FSIRXG                00006c80   00000050  00000000  00000050  RWIX
  FSIRXH                00006d80   00000050  00000000  00000050  RWIX
  WD                    00007000   0000002c  00000000  0000002c  RWIX
  NMIINTRUPT            00007060   00000010  00000000  00000010  RWIX
  XINT                  00007070   0000000c  00000000  0000000c  RWIX
  SCIA                  00007200   00000010  00000010  00000000  RWIX
  SCIB                  00007210   00000010  00000000  00000010  RWIX
  SCIC                  00007220   00000010  00000000  00000010  RWIX
  SCID                  00007230   00000010  00000000  00000010  RWIX
  I2CA                  00007300   00000022  00000000  00000022  RWIX
  I2CB                  00007340   00000022  00000000  00000022  RWIX
  ADCA                  00007400   00000080  00000000  00000080  RWIX
  ADCB                  00007480   00000080  00000000  00000080  RWIX
  ADCC                  00007500   00000080  00000000  00000080  RWIX
  ADCD                  00007580   00000080  00000000  00000080  RWIX
  INPUTXBAR             00007900   00000020  00000000  00000020  RWIX
  XBAR                  00007920   00000020  00000000  00000020  RWIX
  SYNCSOC               00007940   00000006  00000000  00000006  RWIX
  CLBINPUTXBAR          00007960   00000020  00000000  00000020  RWIX
  DMACLASRCSEL          00007980   0000001a  00000000  0000001a  RWIX
  EPWMXBAR              00007a00   00000040  00000000  00000040  RWIX
  CLBXBAR               00007a40   00000040  00000000  00000040  RWIX
  OUTPUTXBAR            00007a80   00000040  00000000  00000040  RWIX
  CLBOUTPUTXBAR         00007bc0   00000040  00000000  00000040  RWIX
  GPIOCTRL              00007c00   00000200  00000180  00000080  RWIX
  GPIODATA              00007f00   00000040  00000000  00000040  RWIX
  GPIODATAREAD          00007f80   00000010  00000000  00000010  RWIX
  EMIF1                 00047000   00000070  00000000  00000070  RWIX
  EMIF2                 00047800   00000070  00000000  00000070  RWIX
  CANA                  00048000   00000200  00000000  00000200  RWIX
  CANB                  0004a000   00000200  00000000  00000200  RWIX
  ESCSS                 00057e00   00000024  00000000  00000024  RWIX
  ESCSSCONFIG           00057f00   00000016  00000000  00000016  RWIX
  MCANASS               0005c400   0000002c  00000000  0000002c  RWIX
  MCANA                 0005c600   00000100  00000000  00000100  RWIX
  MCANAERR              0005c800   00000210  00000000  00000210  RWIX
  CPU1TOCPU2IPC         0005ce00   00000026  00000000  00000026  RWIX
  CPU1TOCMIPC           0005ce40   00000026  00000000  00000026  RWIX
  DEVCFG                0005d000   000001a0  000001a0  00000000  RWIX
  CLKCFG                0005d200   00000100  00000000  00000100  RWIX
  CPUSYS                0005d300   000000a0  0000009c  00000004  RWIX
  SYSSTATUS             0005d400   00000100  00000000  00000100  RWIX
  SYSPERIPHAC           0005d500   00000200  00000000  00000200  RWIX
  ANALOGSUBSYS          0005d700   00000100  00000000  00000100  RWIX
  CMCONF                0005dc00   00000400  00000000  00000400  RWIX
  DCC0                  0005e700   00000038  00000000  00000038  RWIX
  DCC1                  0005e740   00000038  00000000  00000038  RWIX
  DCC2                  0005e780   00000038  00000000  00000038  RWIX
  ERADGLOBAL            0005e800   00000014  00000000  00000014  RWIX
  ERADHWBP1             0005e900   00000008  00000000  00000008  RWIX
  ERADHWBP2             0005e908   00000008  00000000  00000008  RWIX
  ERADHWBP3             0005e910   00000008  00000000  00000008  RWIX
  ERADHWBP4             0005e918   00000008  00000000  00000008  RWIX
  ERADHWBP5             0005e920   00000008  00000000  00000008  RWIX
  ERADHWBP6             0005e928   00000008  00000000  00000008  RWIX
  ERADHWBP7             0005e930   00000008  00000000  00000008  RWIX
  ERADHWBP8             0005e938   00000008  00000000  00000008  RWIX
  ERADCOUNTER1          0005e980   00000010  00000000  00000010  RWIX
  ERADCOUNTER2          0005e990   00000010  00000000  00000010  RWIX
  ERADCOUNTER3          0005e9a0   00000010  00000000  00000010  RWIX
  ERADCOUNTER4          0005e9b0   00000010  00000000  00000010  RWIX
  ERADCRCGLOBAL         0005ea00   00000010  00000000  00000010  RWIX
  ERADCRC1              0005ea10   00000010  00000000  00000010  RWIX
  ERADCRC2              0005ea20   00000010  00000000  00000010  RWIX
  ERADCRC3              0005ea30   00000010  00000000  00000010  RWIX
  ERADCRC4              0005ea40   00000010  00000000  00000010  RWIX
  ERADCRC5              0005ea50   00000010  00000000  00000010  RWIX
  ERADCRC6              0005ea60   00000010  00000000  00000010  RWIX
  ERADCRC7              0005ea70   00000010  00000000  00000010  RWIX
  ERADCRC8              0005ea80   00000010  00000000  00000010  RWIX
  DCSMZ1                0005f000   0000003e  00000000  0000003e  RWIX
  DCSMZ2                0005f080   0000003e  00000000  0000003e  RWIX
  DCSMCOMMON            0005f0c0   00000020  00000000  00000020  RWIX
  MEMCFG                0005f400   000000c0  00000000  000000c0  RWIX
  EMIF1CONFIG           0005f4c0   00000020  00000000  00000020  RWIX
  EMIF2CONFIG           0005f4e0   00000020  00000000  00000020  RWIX
  ACCESSPROTECTION      0005f500   00000040  00000000  00000040  RWIX
  MEMORYERROR           0005f540   00000040  00000000  00000040  RWIX
  ROMWAITSTATE          0005f580   00000008  00000000  00000008  RWIX
  ROMPREFETCH           0005f588   00000008  00000000  00000008  RWIX
  TESTERROR             0005f590   00000010  00000000  00000010  RWIX
  FLASH0CTRL            0005f800   00000182  00000000  00000182  RWIX
  FLASH0ECC             0005fb00   00000028  00000000  00000028  RWIX
  UID                   00070200   00000010  00000000  00000010  RWIX
  DCSMZ1OTP             00078000   00000020  00000000  00000020  RWIX
  DCSMZ2OTP             00078200   00000020  00000000  00000020  RWIX


SECTION ALLOCATION MAP

 output                                  attributes/
section   page    origin      length       input sections
--------  ----  ----------  ----------   ----------------
codestart 
*          0    00080000    00000002     
                  00080000    00000002     f2838x_codestartbranch.obj (codestart)

.cinit     0    00088000    00000028     
                  00088000    0000000e     (.cinit..data.load) [load image, compression = lzss]
                  0008800e    00000006     (__TI_handler_table)
                  00088014    00000004     (.cinit..bss.load) [load image, compression = zero_init]
                  00088018    00000004     (.cinit.PieVectTableFile.load) [load image, compression = zero_init]
                  0008801c    0000000c     (__TI_cinit_table)

.reset     0    003fffc0    00000000     DSECT

.stack     0    00000400    00000200     UNINITIALIZED
                  00000400    00000200     --HOLE--

.init_array 
*          0    00082000    00000000     UNINITIALIZED

.bss       0    0000a830    0000012a     UNINITIALIZED
                  0000a830    0000000e     CSU_SSI.obj (.bss)
                  0000a83e    00000002     --HOLE--
                  0000a840    00000101     DevSci.obj (.bss)
                  0000a941    00000001     --HOLE--
                  0000a942    0000000c     CSU_IPC.obj (.bss)
                  0000a94e    00000006     CSU_LED.obj (.bss)
                  0000a954    00000006     DevTimer.obj (.bss)

.data      0    0000a800    00000030     UNINITIALIZED
                  0000a800    00000022     easy28x_bitfield_v11.obj (.data)
                  0000a822    00000006     rts2800_fpu64_eabi.lib : exit.c.obj (.data)
                  0000a828    00000004     CSU_Zero.obj (.data)
                  0000a82c    00000002     rts2800_fpu64_eabi.lib : _lock.c.obj (.data:_lock)
                  0000a82e    00000002                            : _lock.c.obj (.data:_unlock)

MSGRAM_CM_TO_CPU 
*          0    00038000    00000088     UNINITIALIZED
                  00038000    00000088     ipc.obj (MSGRAM_CM_TO_CPU)

MSGRAM_CPU_TO_CM 
*          0    00039000    00000088     UNINITIALIZED
                  00039000    00000088     ipc.obj (MSGRAM_CPU_TO_CM)

.const     0    00090000    00000248     
                  00090000    000001c0     f2838x_pievect.obj (.const)
                  000901c0    00000088     ipc.obj (.const:IPC_Instance)

MSGRAM_CPU1_TO_CPU2 
*          0    0003a000    00000088     UNINITIALIZED
                  0003a000    00000088     ipc.obj (MSGRAM_CPU1_TO_CPU2)

MSGRAM_CPU2_TO_CPU1 
*          0    0003b000    00000088     UNINITIALIZED
                  0003b000    00000088     ipc.obj (MSGRAM_CPU2_TO_CPU1)

.TI.ramfunc 
*          0    00086000    00000659     RUN ADDR = 00008000
                  00086000    00000616     easy28x_bitfield_v11.obj (.TI.ramfunc:easy_RXINT_ISR)
                  00086616    0000003f     flash.obj (.TI.ramfunc:Flash_initModule)
                  00086655    00000004     sysctl.obj (.TI.ramfunc)

PieVectTableFile 
*          1    00000d00    000001c0     UNINITIALIZED
                  00000d00    000001c0     f2838x_globalvariabledefs.obj (PieVectTableFile)

EmuKeyVar 
*          1    00000d00    00000000     UNINITIALIZED

EmuBModeVar 
*          1    00000d00    00000000     UNINITIALIZED

EmuBootPinsVar 
*          1    00000d00    00000000     UNINITIALIZED

FlashCallbackVar 
*          1    00000d00    00000000     UNINITIALIZED

FlashScalingVar 
*          1    00000d00    00000000     UNINITIALIZED

CpuSysRegsFile 
*          1    0005d300    0000009c     UNINITIALIZED
                  0005d300    0000009c     f2838x_globalvariabledefs.obj (CpuSysRegsFile)

DevCfgRegsFile 
*          1    0005d000    000001a0     UNINITIALIZED
                  0005d000    000001a0     f2838x_globalvariabledefs.obj (DevCfgRegsFile)

GpioCtrlRegsFile 
*          1    00007c00    00000180     UNINITIALIZED
                  00007c00    00000180     f2838x_globalvariabledefs.obj (GpioCtrlRegsFile)

PieCtrlRegsFile 
*          1    00000ce0    0000001a     UNINITIALIZED
                  00000ce0    0000001a     f2838x_globalvariabledefs.obj (PieCtrlRegsFile)

SciaRegsFile 
*          1    00007200    00000010     UNINITIALIZED
                  00007200    00000010     f2838x_globalvariabledefs.obj (SciaRegsFile)

SpiaRegsFile 
*          1    00006100    00000010     UNINITIALIZED
                  00006100    00000010     f2838x_globalvariabledefs.obj (SpiaRegsFile)

dcsm_z1otp_link_pointer 
*          0    00000002    00000000     

dcsm_z1otp_jlm_enable 
*          0    00000002    00000000     

dcsm_z1otp_gpreg 
*          0    00000002    00000000     

dcsm_z1otp_pswd_lock 
*          0    00000002    00000000     

dcsm_z1otp_crc_lock 
*          0    00000002    00000000     

dcsm_z1otp_jtag_pswdh 
*          0    00000002    00000000     

dcsm_z1otp_cmac_key 
*          0    00000002    00000000     

dcsm_zsel_z1 
*          0    00000002    00000000     

dcsm_z2otp_link_pointer 
*          0    00000002    00000000     

dcsm_rsvd_z2 
*          0    00000002    00000000     

dcsm_z2otp_gpreg 
*          0    00000002    00000000     

dcsm_z2otp_pswd_lock 
*          0    00000002    00000000     

dcsm_z2otp_crc_lock 
*          0    00000002    00000000     

dcsm_rsvd1_z2 
*          0    00000002    00000000     

dcsm_zsel_z2 
*          0    00000002    00000000     

.text      0    00082000    00001e55     
                  00082000    00000199     sysctl.obj (.text:SysCtl_isPLLValid)
                  00082199    00000167     device.obj (.text:Device_enableAllPeripherals)
                  00082300    00000124     sysctl.obj (.text:SysCtl_setClock)
                  00082424    000000f7     CSU_IPC.obj (.text:sendIpcMessage1)
                  0008251b    000000ec     sysctl.obj (.text:SysCtl_setAuxClock)
                  00082607    000000bb     dcc.obj (.text:DCC_verifyClockFrequency)
                  000826c2    000000b8     DevSci.obj (.text:isrScib_IPC)
                  0008277a    000000af     CSU_Zero.obj (.text:procEncoderZero)
                  00082829    000000ae     CSU_SSI.obj (.text:updateEncoderState)
                  000828d7    000000ac     DevSci.obj (.text:initScib_IPC)
                  00082983    000000a5     CSU_SSI.obj (.text:Calculate_CRC7)
                  00082a28    00000084     f2838x_gpio.obj (.text:GPIO_SetupPinOptions)
                  00082aac    0000007d     easy28x_bitfield_v11.obj (.text:easyDSP_SCI_Init)
                  00082b29    00000074     interrupt.obj (.text:Interrupt_clearIFR)
                  00082b9d    00000067     DevTimer.obj (.text:Initial_TIMER)
                  00082c04    0000005f     sysctl.obj (.text:SysCtl_pollX1Counter)
                  00082c63    00000054     f2838x_gpio.obj (.text:GPIO_SetupPinMux)
                  00082cb7    00000051     CSU_IPC.obj (.text:recvIpcMessage)
                  00082d08    00000050     sysctl.obj (.text:SysCtl_selectOscSourceAuxPLL)
                  00082d58    0000004f     DevSpi.obj (.text:InitSpia)
                  00082da7    0000004e     device.obj (.text:Device_init)
                  00082df5    0000004b     DevTimer.obj (.text:initCPUTimers)
                  00082e40    0000004a     interrupt.obj (.text:Interrupt_disable)
                  00082e8a    00000045     CSU_Zero.obj (.text:manualCtrlZero)
                  00082ecf    00000042     sysctl.obj (.text:SysCtl_selectXTAL)
                  00082f11    00000041     interrupt.obj (.text:Interrupt_initModule)
                  00082f52    00000040     DevTimer.obj (.text:isr_CpuTimer0)
                  00082f92    0000003f     gpio.obj (.text:GPIO_setPadConfig)
                  00082fd1    00000038     CSU_SSI.obj (.text:PollingEncoderSSI)
                  00083009    00000036     interrupt.obj (.text:Interrupt_enable)
                  0008303f    00000030     gpio.obj (.text:GPIO_setPinConfig)
                  0008306f    0000002f     CSU_LED.obj (.text:updateLedStatus)
                  0008309e    0000002e     rts2800_fpu64_eabi.lib : copy_decompress_lzss.c.obj (.text:decompress:lzss)
                  000830cc    0000002c     DevSci.obj (.text:dequeueSci)
                  000830f8    0000002b     sci.obj (.text:SCI_setConfig)
                  00083123    0000002b     sysctl.obj (.text:SysCtl_selectOscSource)
                  0008314e    0000002b     rts2800_fpu64_eabi.lib : autoinit.c.obj (.text:__TI_auto_init_nobinit_nopinit)
                  00083179    00000029     DevTimer.obj (.text:configCPUTimer)
                  000831a2    00000029     DevSci.obj (.text:enqueueSci)
                  000831cb    00000029     rts2800_fpu64_eabi.lib : exit.c.obj (.text)
                  000831f4    00000028     DevSci.obj (.text:sendScib_IPC)
                  0008321c    00000027     CSU_Zero.obj (.text:initEncoderZero)
                  00083243    00000026     spi.obj (.text:SPI_setConfig)
                  00083269    00000026     main.obj (.text:main)
                  0008328f    00000022     gpio.obj (.text:GPIO_setControllerCore)
                  000832b1    00000022     gpio.obj (.text:GPIO_setQualificationMode)
                  000832d3    00000022     sci.obj (.text:SCI_writeCharArray)
                  000832f5    00000022     sysctl.obj (.text:SysCtl_selectXTALSingleEnded)
                  00083317    00000020     gpio.obj (.text:GPIO_setDirectionMode)
                  00083337    00000020     sci.obj (.text:SCI_readCharArray)
                  00083357    0000001f     CSU_Zero.obj (.text:initGPIODoutZero)
                  00083376    0000001e     device.obj (.text:Device_initGPIO)
                  00083394    0000001e     rts2800_fpu64_eabi.lib : ll_cmp28.asm.obj (.text)
                  000833b2    0000001d     interrupt.obj (.text:Interrupt_initVectorTable)
                  000833cf    0000001d     rts2800_fpu64_eabi.lib : memcpy.c.obj (.text)
                  000833ec    0000001c     device.obj (.text:Device_verifyXTAL)
                  00083408    0000001c     ipc.obj (.text:IPC_unregisterInterrupt)
                  00083424    0000001c     sci.obj (.text:SCI_clearInterruptStatus)
                  00083440    0000001a     sci.obj (.text:SCI_disableInterrupt)
                  0008345a    0000001a     sci.obj (.text:SCI_enableInterrupt)
                  00083474    00000019     CSU_LED.obj (.text:HW_writeLedPin)
                  0008348d    00000019     device.obj (.text:SysCtl_enablePeripheral)
                  000834a6    00000019     CSU_SSI.obj (.text:initEncoderSSI)
                  000834bf    00000019     rts2800_fpu64_eabi.lib : boot28.asm.obj (.text)
                  000834d8    00000018                            : ll_aox28.asm.obj (.text)
                  000834f0    00000016     CSU_LED.obj (.text:Initial_LED)
                  00083506    00000016     DevTimer.obj (.text:isr_CpuTimer1)
                  0008351c    00000015     CSU_LED.obj (.text:initGpioDoutLed)
                  00083531    00000015     DevTimer.obj (.text:isr_CpuTimer2)
                  00083546    00000014     CSU_LED.obj (.text:HW_toggleLedPin)
                  0008355a    00000013     device.obj (.text:Device_enableUnbondedGPIOPullupsFor176Pin)
                  0008356d    0000000f     CSU_LED.obj (.text:setLedModeToggle)
                  0008357c    0000000f     CSU_LED.obj (.text:setLedStatus)
                  0008358b    0000000f     DevSci.obj (.text:xmtScib_IPC)
                  0008359a    0000000e     DevDspInit.obj (.text:DSP_Initialization)
                  000835a8    0000000d     f2838x_defaultisr.obj (.text:EMPTY_ISR)
                  000835b5    0000000d     DevDspInit.obj (.text:InitialPeripherals)
                  000835c2    0000000d     rts2800_fpu64_eabi.lib : copy_zero_init.c.obj (.text:decompress:ZI:__TI_zero_init_nomemset)
                  000835cf    0000000c     interrupt.obj (.text:Interrupt_defaultHandler)
                  000835db    0000000c     rts2800_fpu64_eabi.lib : args_main.c.obj (.text)
                  000835e7    0000000c     CSU_LED.obj (.text:updateOrangeLed)
                  000835f3    0000000b     device.obj (.text:Device_enableUnbondedGPIOPullups)
                  000835fe    0000000a     f2838x_defaultisr.obj (.text:ADCA1_ISR)
                  00083608    0000000a     f2838x_defaultisr.obj (.text:ADCA2_ISR)
                  00083612    0000000a     f2838x_defaultisr.obj (.text:ADCA3_ISR)
                  0008361c    0000000a     f2838x_defaultisr.obj (.text:ADCA4_ISR)
                  00083626    0000000a     f2838x_defaultisr.obj (.text:ADCA_EVT_ISR)
                  00083630    0000000a     f2838x_defaultisr.obj (.text:ADCB1_ISR)
                  0008363a    0000000a     f2838x_defaultisr.obj (.text:ADCB2_ISR)
                  00083644    0000000a     f2838x_defaultisr.obj (.text:ADCB3_ISR)
                  0008364e    0000000a     f2838x_defaultisr.obj (.text:ADCB4_ISR)
                  00083658    0000000a     f2838x_defaultisr.obj (.text:ADCB_EVT_ISR)
                  00083662    0000000a     f2838x_defaultisr.obj (.text:ADCC1_ISR)
                  0008366c    0000000a     f2838x_defaultisr.obj (.text:ADCC2_ISR)
                  00083676    0000000a     f2838x_defaultisr.obj (.text:ADCC3_ISR)
                  00083680    0000000a     f2838x_defaultisr.obj (.text:ADCC4_ISR)
                  0008368a    0000000a     f2838x_defaultisr.obj (.text:ADCC_EVT_ISR)
                  00083694    0000000a     f2838x_defaultisr.obj (.text:ADCD1_ISR)
                  0008369e    0000000a     f2838x_defaultisr.obj (.text:ADCD2_ISR)
                  000836a8    0000000a     f2838x_defaultisr.obj (.text:ADCD3_ISR)
                  000836b2    0000000a     f2838x_defaultisr.obj (.text:ADCD4_ISR)
                  000836bc    0000000a     f2838x_defaultisr.obj (.text:ADCD_EVT_ISR)
                  000836c6    0000000a     f2838x_defaultisr.obj (.text:CANA0_ISR)
                  000836d0    0000000a     f2838x_defaultisr.obj (.text:CANA1_ISR)
                  000836da    0000000a     f2838x_defaultisr.obj (.text:CANB0_ISR)
                  000836e4    0000000a     f2838x_defaultisr.obj (.text:CANB1_ISR)
                  000836ee    0000000a     f2838x_defaultisr.obj (.text:CIPC0_ISR)
                  000836f8    0000000a     f2838x_defaultisr.obj (.text:CIPC1_ISR)
                  00083702    0000000a     f2838x_defaultisr.obj (.text:CIPC2_ISR)
                  0008370c    0000000a     f2838x_defaultisr.obj (.text:CIPC3_ISR)
                  00083716    0000000a     f2838x_defaultisr.obj (.text:CLA1CRC_ISR)
                  00083720    0000000a     f2838x_defaultisr.obj (.text:CLA1_1_ISR)
                  0008372a    0000000a     f2838x_defaultisr.obj (.text:CLA1_2_ISR)
                  00083734    0000000a     f2838x_defaultisr.obj (.text:CLA1_3_ISR)
                  0008373e    0000000a     f2838x_defaultisr.obj (.text:CLA1_4_ISR)
                  00083748    0000000a     f2838x_defaultisr.obj (.text:CLA1_5_ISR)
                  00083752    0000000a     f2838x_defaultisr.obj (.text:CLA1_6_ISR)
                  0008375c    0000000a     f2838x_defaultisr.obj (.text:CLA1_7_ISR)
                  00083766    0000000a     f2838x_defaultisr.obj (.text:CLA1_8_ISR)
                  00083770    0000000a     f2838x_defaultisr.obj (.text:CLA_OVERFLOW_ISR)
                  0008377a    0000000a     f2838x_defaultisr.obj (.text:CLA_UNDERFLOW_ISR)
                  00083784    0000000a     f2838x_defaultisr.obj (.text:CLB1_ISR)
                  0008378e    0000000a     f2838x_defaultisr.obj (.text:CLB2_ISR)
                  00083798    0000000a     f2838x_defaultisr.obj (.text:CLB3_ISR)
                  000837a2    0000000a     f2838x_defaultisr.obj (.text:CLB4_ISR)
                  000837ac    0000000a     f2838x_defaultisr.obj (.text:CLB5_ISR)
                  000837b6    0000000a     f2838x_defaultisr.obj (.text:CLB6_ISR)
                  000837c0    0000000a     f2838x_defaultisr.obj (.text:CLB7_ISR)
                  000837ca    0000000a     f2838x_defaultisr.obj (.text:CLB8_ISR)
                  000837d4    0000000a     f2838x_defaultisr.obj (.text:CMTOCPUXIPC0_ISR)
                  000837de    0000000a     f2838x_defaultisr.obj (.text:CMTOCPUXIPC1_ISR)
                  000837e8    0000000a     f2838x_defaultisr.obj (.text:CMTOCPUXIPC2_ISR)
                  000837f2    0000000a     f2838x_defaultisr.obj (.text:CMTOCPUXIPC3_ISR)
                  000837fc    0000000a     f2838x_defaultisr.obj (.text:CMTOCPUXIPC4_ISR)
                  00083806    0000000a     f2838x_defaultisr.obj (.text:CMTOCPUXIPC5_ISR)
                  00083810    0000000a     f2838x_defaultisr.obj (.text:CMTOCPUXIPC6_ISR)
                  0008381a    0000000a     f2838x_defaultisr.obj (.text:CMTOCPUXIPC7_ISR)
                  00083824    0000000a     f2838x_defaultisr.obj (.text:CM_STATUS_ISR)
                  0008382e    0000000a     f2838x_defaultisr.obj (.text:CPUCRC_ISR)
                  00083838    0000000a     f2838x_defaultisr.obj (.text:DATALOG_ISR)
                  00083842    0000000a     f2838x_defaultisr.obj (.text:DMA_CH1_ISR)
                  0008384c    0000000a     f2838x_defaultisr.obj (.text:DMA_CH2_ISR)
                  00083856    0000000a     f2838x_defaultisr.obj (.text:DMA_CH3_ISR)
                  00083860    0000000a     f2838x_defaultisr.obj (.text:DMA_CH4_ISR)
                  0008386a    0000000a     f2838x_defaultisr.obj (.text:DMA_CH5_ISR)
                  00083874    0000000a     f2838x_defaultisr.obj (.text:DMA_CH6_ISR)
                  0008387e    0000000a     f2838x_defaultisr.obj (.text:ECAP1_ISR)
                  00083888    0000000a     f2838x_defaultisr.obj (.text:ECAP2_ISR)
                  00083892    0000000a     f2838x_defaultisr.obj (.text:ECAP3_ISR)
                  0008389c    0000000a     f2838x_defaultisr.obj (.text:ECAP4_ISR)
                  000838a6    0000000a     f2838x_defaultisr.obj (.text:ECAP5_ISR)
                  000838b0    0000000a     f2838x_defaultisr.obj (.text:ECAP6_2_ISR)
                  000838ba    0000000a     f2838x_defaultisr.obj (.text:ECAP6_ISR)
                  000838c4    0000000a     f2838x_defaultisr.obj (.text:ECAP7_2_ISR)
                  000838ce    0000000a     f2838x_defaultisr.obj (.text:ECAP7_ISR)
                  000838d8    0000000a     f2838x_defaultisr.obj (.text:ECATRST_ISR)
                  000838e2    0000000a     f2838x_defaultisr.obj (.text:ECATSYNC0_ISR)
                  000838ec    0000000a     f2838x_defaultisr.obj (.text:ECATSYNC1_ISR)
                  000838f6    0000000a     f2838x_defaultisr.obj (.text:ECAT_ISR)
                  00083900    0000000a     f2838x_defaultisr.obj (.text:EMU_ISR)
                  0008390a    0000000a     f2838x_defaultisr.obj (.text:EPWM10_ISR)
                  00083914    0000000a     f2838x_defaultisr.obj (.text:EPWM10_TZ_ISR)
                  0008391e    0000000a     f2838x_defaultisr.obj (.text:EPWM11_ISR)
                  00083928    0000000a     f2838x_defaultisr.obj (.text:EPWM11_TZ_ISR)
                  00083932    0000000a     f2838x_defaultisr.obj (.text:EPWM12_ISR)
                  0008393c    0000000a     f2838x_defaultisr.obj (.text:EPWM12_TZ_ISR)
                  00083946    0000000a     f2838x_defaultisr.obj (.text:EPWM13_ISR)
                  00083950    0000000a     f2838x_defaultisr.obj (.text:EPWM13_TZ_ISR)
                  0008395a    0000000a     f2838x_defaultisr.obj (.text:EPWM14_ISR)
                  00083964    0000000a     f2838x_defaultisr.obj (.text:EPWM14_TZ_ISR)
                  0008396e    0000000a     f2838x_defaultisr.obj (.text:EPWM15_ISR)
                  00083978    0000000a     f2838x_defaultisr.obj (.text:EPWM15_TZ_ISR)
                  00083982    0000000a     f2838x_defaultisr.obj (.text:EPWM16_ISR)
                  0008398c    0000000a     f2838x_defaultisr.obj (.text:EPWM16_TZ_ISR)
                  00083996    0000000a     f2838x_defaultisr.obj (.text:EPWM1_ISR)
                  000839a0    0000000a     f2838x_defaultisr.obj (.text:EPWM1_TZ_ISR)
                  000839aa    0000000a     f2838x_defaultisr.obj (.text:EPWM2_ISR)
                  000839b4    0000000a     f2838x_defaultisr.obj (.text:EPWM2_TZ_ISR)
                  000839be    0000000a     f2838x_defaultisr.obj (.text:EPWM3_ISR)
                  000839c8    0000000a     f2838x_defaultisr.obj (.text:EPWM3_TZ_ISR)
                  000839d2    0000000a     f2838x_defaultisr.obj (.text:EPWM4_ISR)
                  000839dc    0000000a     f2838x_defaultisr.obj (.text:EPWM4_TZ_ISR)
                  000839e6    0000000a     f2838x_defaultisr.obj (.text:EPWM5_ISR)
                  000839f0    0000000a     f2838x_defaultisr.obj (.text:EPWM5_TZ_ISR)
                  000839fa    0000000a     f2838x_defaultisr.obj (.text:EPWM6_ISR)
                  00083a04    0000000a     f2838x_defaultisr.obj (.text:EPWM6_TZ_ISR)
                  00083a0e    0000000a     f2838x_defaultisr.obj (.text:EPWM7_ISR)
                  00083a18    0000000a     f2838x_defaultisr.obj (.text:EPWM7_TZ_ISR)
                  00083a22    0000000a     f2838x_defaultisr.obj (.text:EPWM8_ISR)
                  00083a2c    0000000a     f2838x_defaultisr.obj (.text:EPWM8_TZ_ISR)
                  00083a36    0000000a     f2838x_defaultisr.obj (.text:EPWM9_ISR)
                  00083a40    0000000a     f2838x_defaultisr.obj (.text:EPWM9_TZ_ISR)
                  00083a4a    0000000a     f2838x_defaultisr.obj (.text:EQEP1_ISR)
                  00083a54    0000000a     f2838x_defaultisr.obj (.text:EQEP2_ISR)
                  00083a5e    0000000a     f2838x_defaultisr.obj (.text:EQEP3_ISR)
                  00083a68    0000000a     f2838x_defaultisr.obj (.text:FMC_ISR)
                  00083a72    0000000a     f2838x_defaultisr.obj (.text:FPU_OFLOW_ISR)
                  00083a7c    0000000a     f2838x_defaultisr.obj (.text:FPU_UFLOW_ISR)
                  00083a86    0000000a     f2838x_defaultisr.obj (.text:FSIRXA1_ISR)
                  00083a90    0000000a     f2838x_defaultisr.obj (.text:FSIRXA2_ISR)
                  00083a9a    0000000a     f2838x_defaultisr.obj (.text:FSIRXB1_ISR)
                  00083aa4    0000000a     f2838x_defaultisr.obj (.text:FSIRXB2_ISR)
                  00083aae    0000000a     f2838x_defaultisr.obj (.text:FSIRXC1_ISR)
                  00083ab8    0000000a     f2838x_defaultisr.obj (.text:FSIRXC2_ISR)
                  00083ac2    0000000a     f2838x_defaultisr.obj (.text:FSIRXD1_ISR)
                  00083acc    0000000a     f2838x_defaultisr.obj (.text:FSIRXD2_ISR)
                  00083ad6    0000000a     f2838x_defaultisr.obj (.text:FSIRXE1_ISR)
                  00083ae0    0000000a     f2838x_defaultisr.obj (.text:FSIRXE2_ISR)
                  00083aea    0000000a     f2838x_defaultisr.obj (.text:FSIRXF1_ISR)
                  00083af4    0000000a     f2838x_defaultisr.obj (.text:FSIRXF2_ISR)
                  00083afe    0000000a     f2838x_defaultisr.obj (.text:FSIRXG1_ISR)
                  00083b08    0000000a     f2838x_defaultisr.obj (.text:FSIRXG2_ISR)
                  00083b12    0000000a     f2838x_defaultisr.obj (.text:FSIRXH1_ISR)
                  00083b1c    0000000a     f2838x_defaultisr.obj (.text:FSIRXH2_ISR)
                  00083b26    0000000a     f2838x_defaultisr.obj (.text:FSITXA1_ISR)
                  00083b30    0000000a     f2838x_defaultisr.obj (.text:FSITXA2_ISR)
                  00083b3a    0000000a     f2838x_defaultisr.obj (.text:FSITXB1_ISR)
                  00083b44    0000000a     f2838x_defaultisr.obj (.text:FSITXB2_ISR)
                  00083b4e    0000000a     f2838x_defaultisr.obj (.text:I2CA_FIFO_ISR)
                  00083b58    0000000a     f2838x_defaultisr.obj (.text:I2CA_HIGH_ISR)
                  00083b62    0000000a     f2838x_defaultisr.obj (.text:I2CA_ISR)
                  00083b6c    0000000a     f2838x_defaultisr.obj (.text:I2CB_FIFO_ISR)
                  00083b76    0000000a     f2838x_defaultisr.obj (.text:I2CB_ISR)
                  00083b80    0000000a     f2838x_defaultisr.obj (.text:ILLEGAL_ISR)
                  00083b8a    0000000a     interrupt.obj (.text:Interrupt_illegalOperationHandler)
                  00083b94    0000000a     interrupt.obj (.text:Interrupt_nmiHandler)
                  00083b9e    0000000a     f2838x_defaultisr.obj (.text:MCANA_0_ISR)
                  00083ba8    0000000a     f2838x_defaultisr.obj (.text:MCANA_1_ISR)
                  00083bb2    0000000a     f2838x_defaultisr.obj (.text:MCANA_ECC_ISR)
                  00083bbc    0000000a     f2838x_defaultisr.obj (.text:MCANA_WAKE_ISR)
                  00083bc6    0000000a     f2838x_defaultisr.obj (.text:MCBSPA_RX_ISR)
                  00083bd0    0000000a     f2838x_defaultisr.obj (.text:MCBSPA_TX_ISR)
                  00083bda    0000000a     f2838x_defaultisr.obj (.text:MCBSPB_RX_ISR)
                  00083be4    0000000a     f2838x_defaultisr.obj (.text:MCBSPB_TX_ISR)
                  00083bee    0000000a     f2838x_defaultisr.obj (.text:MPOST_ISR)
                  00083bf8    0000000a     f2838x_defaultisr.obj (.text:NMI_ISR)
                  00083c02    0000000a     f2838x_defaultisr.obj (.text:NOTUSED_ISR)
                  00083c0c    0000000a     f2838x_defaultisr.obj (.text:PIE_RESERVED_ISR)
                  00083c16    0000000a     f2838x_defaultisr.obj (.text:PMBUSA_ISR)
                  00083c20    0000000a     f2838x_defaultisr.obj (.text:RTOS_ISR)
                  00083c2a    0000000a     f2838x_defaultisr.obj (.text:SCIA_RX_ISR)
                  00083c34    0000000a     f2838x_defaultisr.obj (.text:SCIA_TX_ISR)
                  00083c3e    0000000a     f2838x_defaultisr.obj (.text:SCIB_RX_ISR)
                  00083c48    0000000a     f2838x_defaultisr.obj (.text:SCIB_TX_ISR)
                  00083c52    0000000a     f2838x_defaultisr.obj (.text:SCIC_RX_ISR)
                  00083c5c    0000000a     f2838x_defaultisr.obj (.text:SCIC_TX_ISR)
                  00083c66    0000000a     f2838x_defaultisr.obj (.text:SCID_RX_ISR)
                  00083c70    0000000a     f2838x_defaultisr.obj (.text:SCID_TX_ISR)
                  00083c7a    0000000a     f2838x_defaultisr.obj (.text:SDFM1DR1_ISR)
                  00083c84    0000000a     f2838x_defaultisr.obj (.text:SDFM1DR2_ISR)
                  00083c8e    0000000a     f2838x_defaultisr.obj (.text:SDFM1DR3_ISR)
                  00083c98    0000000a     f2838x_defaultisr.obj (.text:SDFM1DR4_ISR)
                  00083ca2    0000000a     f2838x_defaultisr.obj (.text:SDFM1_ISR)
                  00083cac    0000000a     f2838x_defaultisr.obj (.text:SDFM2DR1_ISR)
                  00083cb6    0000000a     f2838x_defaultisr.obj (.text:SDFM2DR2_ISR)
                  00083cc0    0000000a     f2838x_defaultisr.obj (.text:SDFM2DR3_ISR)
                  00083cca    0000000a     f2838x_defaultisr.obj (.text:SDFM2DR4_ISR)
                  00083cd4    0000000a     f2838x_defaultisr.obj (.text:SDFM2_ISR)
                  00083cde    0000000a     f2838x_defaultisr.obj (.text:SPIA_RX_ISR)
                  00083ce8    0000000a     f2838x_defaultisr.obj (.text:SPIA_TX_ISR)
                  00083cf2    0000000a     f2838x_defaultisr.obj (.text:SPIB_RX_ISR)
                  00083cfc    0000000a     f2838x_defaultisr.obj (.text:SPIB_TX_ISR)
                  00083d06    0000000a     f2838x_defaultisr.obj (.text:SPIC_RX_ISR)
                  00083d10    0000000a     f2838x_defaultisr.obj (.text:SPIC_TX_ISR)
                  00083d1a    0000000a     f2838x_defaultisr.obj (.text:SPID_RX_ISR)
                  00083d24    0000000a     f2838x_defaultisr.obj (.text:SPID_TX_ISR)
                  00083d2e    0000000a     f2838x_defaultisr.obj (.text:SYS_ERR_ISR)
                  00083d38    0000000a     f2838x_defaultisr.obj (.text:TIMER0_ISR)
                  00083d42    0000000a     f2838x_defaultisr.obj (.text:TIMER1_ISR)
                  00083d4c    0000000a     f2838x_defaultisr.obj (.text:TIMER2_ISR)
                  00083d56    0000000a     f2838x_defaultisr.obj (.text:USBA_ISR)
                  00083d60    0000000a     f2838x_defaultisr.obj (.text:USER10_ISR)
                  00083d6a    0000000a     f2838x_defaultisr.obj (.text:USER11_ISR)
                  00083d74    0000000a     f2838x_defaultisr.obj (.text:USER12_ISR)
                  00083d7e    0000000a     f2838x_defaultisr.obj (.text:USER1_ISR)
                  00083d88    0000000a     f2838x_defaultisr.obj (.text:USER2_ISR)
                  00083d92    0000000a     f2838x_defaultisr.obj (.text:USER3_ISR)
                  00083d9c    0000000a     f2838x_defaultisr.obj (.text:USER4_ISR)
                  00083da6    0000000a     f2838x_defaultisr.obj (.text:USER5_ISR)
                  00083db0    0000000a     f2838x_defaultisr.obj (.text:USER6_ISR)
                  00083dba    0000000a     f2838x_defaultisr.obj (.text:USER7_ISR)
                  00083dc4    0000000a     f2838x_defaultisr.obj (.text:USER8_ISR)
                  00083dce    0000000a     f2838x_defaultisr.obj (.text:USER9_ISR)
                  00083dd8    0000000a     f2838x_defaultisr.obj (.text:WAKE_ISR)
                  00083de2    0000000a     f2838x_defaultisr.obj (.text:XINT1_ISR)
                  00083dec    0000000a     f2838x_defaultisr.obj (.text:XINT2_ISR)
                  00083df6    0000000a     f2838x_defaultisr.obj (.text:XINT3_ISR)
                  00083e00    0000000a     f2838x_defaultisr.obj (.text:XINT4_ISR)
                  00083e0a    0000000a     f2838x_defaultisr.obj (.text:XINT5_ISR)
                  00083e14    00000009     rts2800_fpu64_eabi.lib : _lock.c.obj (.text)
                  00083e1d    00000008                            : copy_decompress_none.c.obj (.text:decompress:none)
                  00083e25    00000008     f2838x_codestartbranch.obj (.text)
                  00083e2d    00000007     DevSci.obj (.text:Initial_SCI)
                  00083e34    00000007     main.obj (.text:cycle_10ms)
                  00083e3b    00000006     cputimer.obj (.text:CPUTimer_setEmulationMode)
                  00083e41    00000005     DevDspInit.obj (.text:Init_GpioDout)
                  00083e46    00000005     main.obj (.text:cycle_100ms)
                  00083e4b    00000004     main.obj (.text:cycle_1ms)
                  00083e4f    00000003     DevDspInit.obj (.text:Initial_GPIO)
                  00083e52    00000002     rts2800_fpu64_eabi.lib : pre_init.c.obj (.text)
                  00083e54    00000001                            : startup.c.obj (.text)

MODULE SUMMARY

       Module                          code    ro data   rw data
       ------                          ----    -------   -------
    .\
       main.obj                        54      0         0      
    +--+-------------------------------+-------+---------+---------+
       Total:                          54      0         0      
                                                                
    .\CSU\
       CSU_SSI.obj                     420     0         14     
       CSU_IPC.obj                     328     0         12     
       CSU_Zero.obj                    314     0         4      
       CSU_LED.obj                     177     0         6      
    +--+-------------------------------+-------+---------+---------+
       Total:                          1239    0         36     
                                                                
    .\Dev\
       easy28x_bitfield_v11.obj        3241    0         34     
       DevSci.obj                      503     0         257    
       DevTimer.obj                    326     0         6      
       DevSpi.obj                      79      0         0      
       DevDspInit.obj                  35      0         0      
    +--+-------------------------------+-------+---------+---------+
       Total:                          4184    0         297    
                                                                
    .\SDK\common\source\
       f2838x_defaultisr.obj           2063    0         0      
       device.obj                      550     0         0      
       f2838x_pievect.obj              0       448       0      
       f2838x_gpio.obj                 216     0         0      
       f2838x_codestartbranch.obj      10      0         0      
    +--+-------------------------------+-------+---------+---------+
       Total:                          2839    448       0      
                                                                
    .\SDK\driverlib\
       sysctl.obj                      1263    0         0      
       ipc.obj                         28      136       544    
       interrupt.obj                   370     0         0      
       gpio.obj                        211     0         0      
       sci.obj                         189     0         0      
       dcc.obj                         187     0         0      
       flash.obj                       126     0         0      
       spi.obj                         38      0         0      
       cputimer.obj                    6       0         0      
    +--+-------------------------------+-------+---------+---------+
       Total:                          2418    136       544    
                                                                
    .\SDK\headers\source\
       f2838x_globalvariabledefs.obj   0       0         1462   
    +--+-------------------------------+-------+---------+---------+
       Total:                          0       0         1462   
                                                                
    C:\ti\ccs2040\ccs\tools\compiler\ti-cgt-c2000_22.6.3.LTS\lib\rts2800_fpu64_eabi.lib
       exit.c.obj                      41      0         6      
       copy_decompress_lzss.c.obj      46      0         0      
       autoinit.c.obj                  43      0         0      
       ll_cmp28.asm.obj                30      0         0      
       memcpy.c.obj                    29      0         0      
       boot28.asm.obj                  25      0         0      
       ll_aox28.asm.obj                24      0         0      
       _lock.c.obj                     9       0         4      
       copy_zero_init.c.obj            13      0         0      
       args_main.c.obj                 12      0         0      
       copy_decompress_none.c.obj      8       0         0      
       pre_init.c.obj                  2       0         0      
       startup.c.obj                   1       0         0      
    +--+-------------------------------+-------+---------+---------+
       Total:                          283     0         10     
                                                                
       Stack:                          0       0         512    
       Linker Generated:               0       40        0      
    +--+-------------------------------+-------+---------+---------+
       Grand Total:                    11017   624       2861   


LINKER GENERATED COPY TABLES

__TI_cinit_table @ 0008801c records: 3, size/record: 4, table size: 12
	.data: load addr=00088000, load size=0000000e bytes, run addr=0000a800, run size=00000030 bytes, compression=lzss
	.bss: load addr=00088014, load size=00000004 bytes, run addr=0000a830, run size=0000012a bytes, compression=zero_init
	PieVectTableFile: load addr=00088018, load size=00000004 bytes, run addr=00000d00, run size=000001c0 bytes, compression=zero_init


LINKER GENERATED HANDLER TABLE

__TI_handler_table @ 0008800e records: 3, size/record: 2, table size: 6
	index: 0, handler: __TI_zero_init
	index: 1, handler: __TI_decompress_lzss
	index: 2, handler: __TI_decompress_none


GLOBAL DATA SYMBOLS: SORTED BY DATA PAGE

address     data page           name
--------    ----------------    ----
00000400      10 (00000400)     __stack

00000ce0      33 (00000cc0)     PieCtrlRegs

00000d00      34 (00000d00)     PieVectTable

00006100     184 (00006100)     SpiaRegs

00007200     1c8 (00007200)     SciaRegs

00007c00     1f0 (00007c00)     GpioCtrlRegs

0000a800     2a0 (0000a800)     ezDSP_Version_SCI
0000a801     2a0 (0000a800)     ezDSP_uRead16BPossible
0000a802     2a0 (0000a800)     ezDSP_uRead8BPossible
0000a803     2a0 (0000a800)     ezDSP_b32bitAddress
0000a804     2a0 (0000a800)     ezDSP_uCPU
0000a805     2a0 (0000a800)     ezDSP_uOnChipFlash
0000a806     2a0 (0000a800)     ezDSP_uBRKDTCount
0000a807     2a0 (0000a800)     ezDSP_uFECount
0000a808     2a0 (0000a800)     ezDSP_uOECount
0000a809     2a0 (0000a800)     ezDSP_uPECount
0000a80a     2a0 (0000a800)     ezDSP_uWrongISRCount
0000a80b     2a0 (0000a800)     ezDSP_ucRx
0000a80c     2a0 (0000a800)     ezDSP_uState
0000a80d     2a0 (0000a800)     ezDSP_uData
0000a80e     2a0 (0000a800)     ezDSP_uChksum
0000a80f     2a0 (0000a800)     ezDSP_uAddrRdCnt
0000a810     2a0 (0000a800)     ezDSP_uDataRdCnt
0000a811     2a0 (0000a800)     ezDSP_uBlockSize
0000a812     2a0 (0000a800)     ezDSP_uBlockIndex
0000a813     2a0 (0000a800)     ezDSP_uChkSumCalculated
0000a814     2a0 (0000a800)     ezDSP_uISRRxCount
0000a815     2a0 (0000a800)     ezDSP_uISRTxCount
0000a816     2a0 (0000a800)     ezDSP_uMaxRxFifoCnt
0000a817     2a0 (0000a800)     ezDSP_uTxFifoCnt
0000a818     2a0 (0000a800)     ezDSP_uMaxTxFifoCnt
0000a819     2a0 (0000a800)     ezDSP_uTxFifoFullCnt
0000a81a     2a0 (0000a800)     ezDSP_ulData
0000a81c     2a0 (0000a800)     ezDSP_ulAddr
0000a81e     2a0 (0000a800)     ezDSP_ullData
0000a822     2a0 (0000a800)     __TI_enable_exit_profile_output
0000a824     2a0 (0000a800)     __TI_cleanup_ptr
0000a826     2a0 (0000a800)     __TI_dtors_ptr
0000a82c     2a0 (0000a800)     _lock
0000a82e     2a0 (0000a800)     _unlock
0000a830     2a0 (0000a800)     xEncoderA

0000a942     2a5 (0000a940)     xRcvIpcMsg1
0000a948     2a5 (0000a940)     xXmtIpcMsg1
0000a94e     2a5 (0000a940)     xLed
0000a954     2a5 (0000a940)     xTimer

00038000     e00 (00038000)     IPC_CPU_To_CM_GetBuffer

00039000     e40 (00039000)     IPC_CPU_To_CM_PutBuffer

0003a000     e80 (0003a000)     IPC_CPU1_To_CPU2_PutBuffer

0003b000     ec0 (0003b000)     IPC_CPU1_To_CPU2_GetBuffer

0005d000    1740 (0005d000)     DevCfgRegs

0005d300    174c (0005d300)     CpuSysRegs

00090000    2400 (00090000)     PieVectTableInit

000901c0    2407 (000901c0)     IPC_Instance


GLOBAL SYMBOLS: SORTED ALPHABETICALLY BY Name 

page  address   name                                     
----  -------   ----                                     
0     000835fe  ADCA1_ISR                                
0     00083608  ADCA2_ISR                                
0     00083612  ADCA3_ISR                                
0     0008361c  ADCA4_ISR                                
0     00083626  ADCA_EVT_ISR                             
0     00083630  ADCB1_ISR                                
0     0008363a  ADCB2_ISR                                
0     00083644  ADCB3_ISR                                
0     0008364e  ADCB4_ISR                                
0     00083658  ADCB_EVT_ISR                             
0     00083662  ADCC1_ISR                                
0     0008366c  ADCC2_ISR                                
0     00083676  ADCC3_ISR                                
0     00083680  ADCC4_ISR                                
0     0008368a  ADCC_EVT_ISR                             
0     00083694  ADCD1_ISR                                
0     0008369e  ADCD2_ISR                                
0     000836a8  ADCD3_ISR                                
0     000836b2  ADCD4_ISR                                
0     000836bc  ADCD_EVT_ISR                             
0     000831cb  C$$EXIT                                  
0     000836c6  CANA0_ISR                                
0     000836d0  CANA1_ISR                                
0     000836da  CANB0_ISR                                
0     000836e4  CANB1_ISR                                
0     000836ee  CIPC0_ISR                                
0     000836f8  CIPC1_ISR                                
0     00083702  CIPC2_ISR                                
0     0008370c  CIPC3_ISR                                
0     00083716  CLA1CRC_ISR                              
0     00083720  CLA1_1_ISR                               
0     0008372a  CLA1_2_ISR                               
0     00083734  CLA1_3_ISR                               
0     0008373e  CLA1_4_ISR                               
0     00083748  CLA1_5_ISR                               
0     00083752  CLA1_6_ISR                               
0     0008375c  CLA1_7_ISR                               
0     00083766  CLA1_8_ISR                               
0     00083770  CLA_OVERFLOW_ISR                         
0     0008377a  CLA_UNDERFLOW_ISR                        
0     00083784  CLB1_ISR                                 
0     0008378e  CLB2_ISR                                 
0     00083798  CLB3_ISR                                 
0     000837a2  CLB4_ISR                                 
0     000837ac  CLB5_ISR                                 
0     000837b6  CLB6_ISR                                 
0     000837c0  CLB7_ISR                                 
0     000837ca  CLB8_ISR                                 
0     000837d4  CMTOCPUXIPC0_ISR                         
0     000837de  CMTOCPUXIPC1_ISR                         
0     000837e8  CMTOCPUXIPC2_ISR                         
0     000837f2  CMTOCPUXIPC3_ISR                         
0     000837fc  CMTOCPUXIPC4_ISR                         
0     00083806  CMTOCPUXIPC5_ISR                         
0     00083810  CMTOCPUXIPC6_ISR                         
0     0008381a  CMTOCPUXIPC7_ISR                         
0     00083824  CM_STATUS_ISR                            
0     0008382e  CPUCRC_ISR                               
0     00083e3b  CPUTimer_setEmulationMode                
1     0005d300  CpuSysRegs                               
0     00083838  DATALOG_ISR                              
0     00082607  DCC_verifyClockFrequency                 
0     00083842  DMA_CH1_ISR                              
0     0008384c  DMA_CH2_ISR                              
0     00083856  DMA_CH3_ISR                              
0     00083860  DMA_CH4_ISR                              
0     0008386a  DMA_CH5_ISR                              
0     00083874  DMA_CH6_ISR                              
0     0008359a  DSP_Initialization                       
1     0005d000  DevCfgRegs                               
0     00082199  Device_enableAllPeripherals              
0     000835f3  Device_enableUnbondedGPIOPullups         
0     0008355a  Device_enableUnbondedGPIOPullupsFor176Pin
0     00082da7  Device_init                              
0     00083376  Device_initGPIO                          
0     000833ec  Device_verifyXTAL                        
0     0008387e  ECAP1_ISR                                
0     00083888  ECAP2_ISR                                
0     00083892  ECAP3_ISR                                
0     0008389c  ECAP4_ISR                                
0     000838a6  ECAP5_ISR                                
0     000838b0  ECAP6_2_ISR                              
0     000838ba  ECAP6_ISR                                
0     000838c4  ECAP7_2_ISR                              
0     000838ce  ECAP7_ISR                                
0     000838d8  ECATRST_ISR                              
0     000838e2  ECATSYNC0_ISR                            
0     000838ec  ECATSYNC1_ISR                            
0     000838f6  ECAT_ISR                                 
0     000835a8  EMPTY_ISR                                
0     00083900  EMU_ISR                                  
0     0008390a  EPWM10_ISR                               
0     00083914  EPWM10_TZ_ISR                            
0     0008391e  EPWM11_ISR                               
0     00083928  EPWM11_TZ_ISR                            
0     00083932  EPWM12_ISR                               
0     0008393c  EPWM12_TZ_ISR                            
0     00083946  EPWM13_ISR                               
0     00083950  EPWM13_TZ_ISR                            
0     0008395a  EPWM14_ISR                               
0     00083964  EPWM14_TZ_ISR                            
0     0008396e  EPWM15_ISR                               
0     00083978  EPWM15_TZ_ISR                            
0     00083982  EPWM16_ISR                               
0     0008398c  EPWM16_TZ_ISR                            
0     00083996  EPWM1_ISR                                
0     000839a0  EPWM1_TZ_ISR                             
0     000839aa  EPWM2_ISR                                
0     000839b4  EPWM2_TZ_ISR                             
0     000839be  EPWM3_ISR                                
0     000839c8  EPWM3_TZ_ISR                             
0     000839d2  EPWM4_ISR                                
0     000839dc  EPWM4_TZ_ISR                             
0     000839e6  EPWM5_ISR                                
0     000839f0  EPWM5_TZ_ISR                             
0     000839fa  EPWM6_ISR                                
0     00083a04  EPWM6_TZ_ISR                             
0     00083a0e  EPWM7_ISR                                
0     00083a18  EPWM7_TZ_ISR                             
0     00083a22  EPWM8_ISR                                
0     00083a2c  EPWM8_TZ_ISR                             
0     00083a36  EPWM9_ISR                                
0     00083a40  EPWM9_TZ_ISR                             
0     00083a4a  EQEP1_ISR                                
0     00083a54  EQEP2_ISR                                
0     00083a5e  EQEP3_ISR                                
0     00083a68  FMC_ISR                                  
0     00083a72  FPU_OFLOW_ISR                            
0     00083a7c  FPU_UFLOW_ISR                            
0     00083a86  FSIRXA1_ISR                              
0     00083a90  FSIRXA2_ISR                              
0     00083a9a  FSIRXB1_ISR                              
0     00083aa4  FSIRXB2_ISR                              
0     00083aae  FSIRXC1_ISR                              
0     00083ab8  FSIRXC2_ISR                              
0     00083ac2  FSIRXD1_ISR                              
0     00083acc  FSIRXD2_ISR                              
0     00083ad6  FSIRXE1_ISR                              
0     00083ae0  FSIRXE2_ISR                              
0     00083aea  FSIRXF1_ISR                              
0     00083af4  FSIRXF2_ISR                              
0     00083afe  FSIRXG1_ISR                              
0     00083b08  FSIRXG2_ISR                              
0     00083b12  FSIRXH1_ISR                              
0     00083b1c  FSIRXH2_ISR                              
0     00083b26  FSITXA1_ISR                              
0     00083b30  FSITXA2_ISR                              
0     00083b3a  FSITXB1_ISR                              
0     00083b44  FSITXB2_ISR                              
0     00008616  Flash_initModule                         
0     00082c63  GPIO_SetupPinMux                         
0     00082a28  GPIO_SetupPinOptions                     
0     0008328f  GPIO_setControllerCore                   
0     00083317  GPIO_setDirectionMode                    
0     00082f92  GPIO_setPadConfig                        
0     0008303f  GPIO_setPinConfig                        
0     000832b1  GPIO_setQualificationMode                
1     00007c00  GpioCtrlRegs                             
0     00083b4e  I2CA_FIFO_ISR                            
0     00083b58  I2CA_HIGH_ISR                            
0     00083b62  I2CA_ISR                                 
0     00083b6c  I2CB_FIFO_ISR                            
0     00083b76  I2CB_ISR                                 
0     00083b80  ILLEGAL_ISR                              
0     0003b000  IPC_CPU1_To_CPU2_GetBuffer               
0     0003a000  IPC_CPU1_To_CPU2_PutBuffer               
0     00038000  IPC_CPU_To_CM_GetBuffer                  
0     00039000  IPC_CPU_To_CM_PutBuffer                  
0     000901c0  IPC_Instance                             
0     00083408  IPC_unregisterInterrupt                  
0     000834f0  Initial_LED                              
0     00083e2d  Initial_SCI                              
0     00082d58  Initial_SPI                              
0     00082b9d  Initial_TIMER                            
0     000835cf  Interrupt_defaultHandler                 
0     00082e40  Interrupt_disable                        
0     00083009  Interrupt_enable                         
0     00083b8a  Interrupt_illegalOperationHandler        
0     00082f11  Interrupt_initModule                     
0     000833b2  Interrupt_initVectorTable                
0     00083b94  Interrupt_nmiHandler                     
0     00083b9e  MCANA_0_ISR                              
0     00083ba8  MCANA_1_ISR                              
0     00083bb2  MCANA_ECC_ISR                            
0     00083bbc  MCANA_WAKE_ISR                           
0     00083bc6  MCBSPA_RX_ISR                            
0     00083bd0  MCBSPA_TX_ISR                            
0     00083bda  MCBSPB_RX_ISR                            
0     00083be4  MCBSPB_TX_ISR                            
0     00083bee  MPOST_ISR                                
0     00083bf8  NMI_ISR                                  
0     00083c02  NOTUSED_ISR                              
0     00083c0c  PIE_RESERVED_ISR                         
0     00083c16  PMBUSA_ISR                               
1     00000ce0  PieCtrlRegs                              
1     00000d00  PieVectTable                             
0     00090000  PieVectTableInit                         
0     00082fd1  PollingEncoderSSI                        
0     00083c20  RTOS_ISR                                 
0     00086659  RamfuncsLoadEnd                          
abs   00000659  RamfuncsLoadSize                         
0     00086000  RamfuncsLoadStart                        
0     00008659  RamfuncsRunEnd                           
abs   00000659  RamfuncsRunSize                          
0     00008000  RamfuncsRunStart                         
0     00083c2a  SCIA_RX_ISR                              
0     00083c34  SCIA_TX_ISR                              
0     00083c3e  SCIB_RX_ISR                              
0     00083c48  SCIB_TX_ISR                              
0     00083c52  SCIC_RX_ISR                              
0     00083c5c  SCIC_TX_ISR                              
0     00083c66  SCID_RX_ISR                              
0     00083c70  SCID_TX_ISR                              
0     00083424  SCI_clearInterruptStatus                 
0     00083440  SCI_disableInterrupt                     
0     0008345a  SCI_enableInterrupt                      
0     00083337  SCI_readCharArray                        
0     000830f8  SCI_setConfig                            
0     000832d3  SCI_writeCharArray                       
0     00083c7a  SDFM1DR1_ISR                             
0     00083c84  SDFM1DR2_ISR                             
0     00083c8e  SDFM1DR3_ISR                             
0     00083c98  SDFM1DR4_ISR                             
0     00083ca2  SDFM1_ISR                                
0     00083cac  SDFM2DR1_ISR                             
0     00083cb6  SDFM2DR2_ISR                             
0     00083cc0  SDFM2DR3_ISR                             
0     00083cca  SDFM2DR4_ISR                             
0     00083cd4  SDFM2_ISR                                
0     00083cde  SPIA_RX_ISR                              
0     00083ce8  SPIA_TX_ISR                              
0     00083cf2  SPIB_RX_ISR                              
0     00083cfc  SPIB_TX_ISR                              
0     00083d06  SPIC_RX_ISR                              
0     00083d10  SPIC_TX_ISR                              
0     00083d1a  SPID_RX_ISR                              
0     00083d24  SPID_TX_ISR                              
0     00083243  SPI_setConfig                            
0     00083d2e  SYS_ERR_ISR                              
1     00007200  SciaRegs                                 
1     00006100  SpiaRegs                                 
0     00008655  SysCtl_delay                             
0     00082000  SysCtl_isPLLValid                        
0     00083123  SysCtl_selectOscSource                   
0     00082d08  SysCtl_selectOscSourceAuxPLL             
0     00082ecf  SysCtl_selectXTAL                        
0     000832f5  SysCtl_selectXTALSingleEnded             
0     0008251b  SysCtl_setAuxClock                       
0     00082300  SysCtl_setClock                          
0     00083d38  TIMER0_ISR                               
0     00083d42  TIMER1_ISR                               
0     00083d4c  TIMER2_ISR                               
0     00083d56  USBA_ISR                                 
0     00083d60  USER10_ISR                               
0     00083d6a  USER11_ISR                               
0     00083d74  USER12_ISR                               
0     00083d7e  USER1_ISR                                
0     00083d88  USER2_ISR                                
0     00083d92  USER3_ISR                                
0     00083d9c  USER4_ISR                                
0     00083da6  USER5_ISR                                
0     00083db0  USER6_ISR                                
0     00083dba  USER7_ISR                                
0     00083dc4  USER8_ISR                                
0     00083dce  USER9_ISR                                
0     00083dd8  WAKE_ISR                                 
0     00083de2  XINT1_ISR                                
0     00083dec  XINT2_ISR                                
0     00083df6  XINT3_ISR                                
0     00083e00  XINT4_ISR                                
0     00083e0a  XINT5_ISR                                
0     0008801c  __TI_CINIT_Base                          
0     00088028  __TI_CINIT_Limit                         
0     00088028  __TI_CINIT_Warm                          
0     0008800e  __TI_Handler_Table_Base                  
0     00088014  __TI_Handler_Table_Limit                 
0     00000600  __TI_STACK_END                           
abs   00000200  __TI_STACK_SIZE                          
0     0008314e  __TI_auto_init_nobinit_nopinit           
0     0000a824  __TI_cleanup_ptr                         
0     0008309e  __TI_decompress_lzss                     
0     00083e1d  __TI_decompress_none                     
0     0000a826  __TI_dtors_ptr                           
0     0000a822  __TI_enable_exit_profile_output          
abs   ffffffff  __TI_pprof_out_hndl                      
abs   ffffffff  __TI_prof_data_size                      
abs   ffffffff  __TI_prof_data_start                     
0     000835c2  __TI_zero_init_nomemset                  
0     000834d8  __c28xabi_andll                          
0     00083394  __c28xabi_cmpll                          
0     000833a6  __c28xabi_cmpull                         
0     000834e0  __c28xabi_orll                           
0     000834e8  __c28xabi_xorll                          
n/a   UNDEFED   __c_args__                               
0     00000400  __stack                                  
0     000835db  _args_main                               
0     000834bf  _c_int00                                 
0     0000a82c  _lock                                    
0     00083e1c  _nop                                     
0     00083e18  _register_lock                           
0     00083e14  _register_unlock                         
0     00083e54  _system_post_cinit                       
0     00083e52  _system_pre_init                         
0     0000a82e  _unlock                                  
0     000831cb  abort                                    
0     00080000  code_start                               
0     00082aac  easyDSP_SCI_Init                         
0     00008000  easy_RXINT_ISR                           
0     000831cd  exit                                     
0     0000a800  ezDSP_Version_SCI                        
0     0000a803  ezDSP_b32bitAddress                      
0     0000a80f  ezDSP_uAddrRdCnt                         
0     0000a806  ezDSP_uBRKDTCount                        
0     0000a812  ezDSP_uBlockIndex                        
0     0000a811  ezDSP_uBlockSize                         
0     0000a804  ezDSP_uCPU                               
0     0000a813  ezDSP_uChkSumCalculated                  
0     0000a80e  ezDSP_uChksum                            
0     0000a80d  ezDSP_uData                              
0     0000a810  ezDSP_uDataRdCnt                         
0     0000a807  ezDSP_uFECount                           
0     0000a814  ezDSP_uISRRxCount                        
0     0000a815  ezDSP_uISRTxCount                        
0     0000a816  ezDSP_uMaxRxFifoCnt                      
0     0000a818  ezDSP_uMaxTxFifoCnt                      
0     0000a808  ezDSP_uOECount                           
0     0000a805  ezDSP_uOnChipFlash                       
0     0000a809  ezDSP_uPECount                           
0     0000a801  ezDSP_uRead16BPossible                   
0     0000a802  ezDSP_uRead8BPossible                    
0     0000a80c  ezDSP_uState                             
0     0000a817  ezDSP_uTxFifoCnt                         
0     0000a819  ezDSP_uTxFifoFullCnt                     
0     0000a80a  ezDSP_uWrongISRCount                     
0     0000a80b  ezDSP_ucRx                               
0     0000a81c  ezDSP_ulAddr                             
0     0000a81a  ezDSP_ulData                             
0     0000a81e  ezDSP_ullData                            
0     000834a6  initEncoderSSI                           
0     0008321c  initEncoderZero                          
0     00083357  initGPIODoutZero                         
0     0008351c  initGpioDoutLed                          
0     000826c2  isrScib_IPC                              
0     00082f52  isr_CpuTimer0                            
0     00083506  isr_CpuTimer1                            
0     00083531  isr_CpuTimer2                            
0     00083269  main                                     
0     00082e8a  manualCtrlZero                           
0     000833cf  memcpy                                   
0     0008277a  procEncoderZero                          
0     00082cb7  recvIpcMessage                           
0     00082424  sendIpcMessage1                          
0     000831f4  sendScib_IPC                             
0     0008356d  setLedModeToggle                         
0     0008357c  setLedStatus                             
0     0008306f  updateLedStatus                          
0     000835e7  updateOrangeLed                          
0     0000a830  xEncoderA                                
0     0000a94e  xLed                                     
0     0000a942  xRcvIpcMsg1                              
0     0000a954  xTimer                                   
0     0000a948  xXmtIpcMsg1                              
0     0008358b  xmtScib_IPC                              


GLOBAL SYMBOLS: SORTED BY Symbol Address 

page  address   name                                     
----  -------   ----                                     
0     00000400  __stack                                  
0     00000600  __TI_STACK_END                           
0     00008000  RamfuncsRunStart                         
0     00008000  easy_RXINT_ISR                           
0     00008616  Flash_initModule                         
0     00008655  SysCtl_delay                             
0     00008659  RamfuncsRunEnd                           
0     0000a800  ezDSP_Version_SCI                        
0     0000a801  ezDSP_uRead16BPossible                   
0     0000a802  ezDSP_uRead8BPossible                    
0     0000a803  ezDSP_b32bitAddress                      
0     0000a804  ezDSP_uCPU                               
0     0000a805  ezDSP_uOnChipFlash                       
0     0000a806  ezDSP_uBRKDTCount                        
0     0000a807  ezDSP_uFECount                           
0     0000a808  ezDSP_uOECount                           
0     0000a809  ezDSP_uPECount                           
0     0000a80a  ezDSP_uWrongISRCount                     
0     0000a80b  ezDSP_ucRx                               
0     0000a80c  ezDSP_uState                             
0     0000a80d  ezDSP_uData                              
0     0000a80e  ezDSP_uChksum                            
0     0000a80f  ezDSP_uAddrRdCnt                         
0     0000a810  ezDSP_uDataRdCnt                         
0     0000a811  ezDSP_uBlockSize                         
0     0000a812  ezDSP_uBlockIndex                        
0     0000a813  ezDSP_uChkSumCalculated                  
0     0000a814  ezDSP_uISRRxCount                        
0     0000a815  ezDSP_uISRTxCount                        
0     0000a816  ezDSP_uMaxRxFifoCnt                      
0     0000a817  ezDSP_uTxFifoCnt                         
0     0000a818  ezDSP_uMaxTxFifoCnt                      
0     0000a819  ezDSP_uTxFifoFullCnt                     
0     0000a81a  ezDSP_ulData                             
0     0000a81c  ezDSP_ulAddr                             
0     0000a81e  ezDSP_ullData                            
0     0000a822  __TI_enable_exit_profile_output          
0     0000a824  __TI_cleanup_ptr                         
0     0000a826  __TI_dtors_ptr                           
0     0000a82c  _lock                                    
0     0000a82e  _unlock                                  
0     0000a830  xEncoderA                                
0     0000a942  xRcvIpcMsg1                              
0     0000a948  xXmtIpcMsg1                              
0     0000a94e  xLed                                     
0     0000a954  xTimer                                   
0     00038000  IPC_CPU_To_CM_GetBuffer                  
0     00039000  IPC_CPU_To_CM_PutBuffer                  
0     0003a000  IPC_CPU1_To_CPU2_PutBuffer               
0     0003b000  IPC_CPU1_To_CPU2_GetBuffer               
0     00080000  code_start                               
0     00082000  SysCtl_isPLLValid                        
0     00082199  Device_enableAllPeripherals              
0     00082300  SysCtl_setClock                          
0     00082424  sendIpcMessage1                          
0     0008251b  SysCtl_setAuxClock                       
0     00082607  DCC_verifyClockFrequency                 
0     000826c2  isrScib_IPC                              
0     0008277a  procEncoderZero                          
0     00082a28  GPIO_SetupPinOptions                     
0     00082aac  easyDSP_SCI_Init                         
0     00082b9d  Initial_TIMER                            
0     00082c63  GPIO_SetupPinMux                         
0     00082cb7  recvIpcMessage                           
0     00082d08  SysCtl_selectOscSourceAuxPLL             
0     00082d58  Initial_SPI                              
0     00082da7  Device_init                              
0     00082e40  Interrupt_disable                        
0     00082e8a  manualCtrlZero                           
0     00082ecf  SysCtl_selectXTAL                        
0     00082f11  Interrupt_initModule                     
0     00082f52  isr_CpuTimer0                            
0     00082f92  GPIO_setPadConfig                        
0     00082fd1  PollingEncoderSSI                        
0     00083009  Interrupt_enable                         
0     0008303f  GPIO_setPinConfig                        
0     0008306f  updateLedStatus                          
0     0008309e  __TI_decompress_lzss                     
0     000830f8  SCI_setConfig                            
0     00083123  SysCtl_selectOscSource                   
0     0008314e  __TI_auto_init_nobinit_nopinit           
0     000831cb  C$$EXIT                                  
0     000831cb  abort                                    
0     000831cd  exit                                     
0     000831f4  sendScib_IPC                             
0     0008321c  initEncoderZero                          
0     00083243  SPI_setConfig                            
0     00083269  main                                     
0     0008328f  GPIO_setControllerCore                   
0     000832b1  GPIO_setQualificationMode                
0     000832d3  SCI_writeCharArray                       
0     000832f5  SysCtl_selectXTALSingleEnded             
0     00083317  GPIO_setDirectionMode                    
0     00083337  SCI_readCharArray                        
0     00083357  initGPIODoutZero                         
0     00083376  Device_initGPIO                          
0     00083394  __c28xabi_cmpll                          
0     000833a6  __c28xabi_cmpull                         
0     000833b2  Interrupt_initVectorTable                
0     000833cf  memcpy                                   
0     000833ec  Device_verifyXTAL                        
0     00083408  IPC_unregisterInterrupt                  
0     00083424  SCI_clearInterruptStatus                 
0     00083440  SCI_disableInterrupt                     
0     0008345a  SCI_enableInterrupt                      
0     000834a6  initEncoderSSI                           
0     000834bf  _c_int00                                 
0     000834d8  __c28xabi_andll                          
0     000834e0  __c28xabi_orll                           
0     000834e8  __c28xabi_xorll                          
0     000834f0  Initial_LED                              
0     00083506  isr_CpuTimer1                            
0     0008351c  initGpioDoutLed                          
0     00083531  isr_CpuTimer2                            
0     0008355a  Device_enableUnbondedGPIOPullupsFor176Pin
0     0008356d  setLedModeToggle                         
0     0008357c  setLedStatus                             
0     0008358b  xmtScib_IPC                              
0     0008359a  DSP_Initialization                       
0     000835a8  EMPTY_ISR                                
0     000835c2  __TI_zero_init_nomemset                  
0     000835cf  Interrupt_defaultHandler                 
0     000835db  _args_main                               
0     000835e7  updateOrangeLed                          
0     000835f3  Device_enableUnbondedGPIOPullups         
0     000835fe  ADCA1_ISR                                
0     00083608  ADCA2_ISR                                
0     00083612  ADCA3_ISR                                
0     0008361c  ADCA4_ISR                                
0     00083626  ADCA_EVT_ISR                             
0     00083630  ADCB1_ISR                                
0     0008363a  ADCB2_ISR                                
0     00083644  ADCB3_ISR                                
0     0008364e  ADCB4_ISR                                
0     00083658  ADCB_EVT_ISR                             
0     00083662  ADCC1_ISR                                
0     0008366c  ADCC2_ISR                                
0     00083676  ADCC3_ISR                                
0     00083680  ADCC4_ISR                                
0     0008368a  ADCC_EVT_ISR                             
0     00083694  ADCD1_ISR                                
0     0008369e  ADCD2_ISR                                
0     000836a8  ADCD3_ISR                                
0     000836b2  ADCD4_ISR                                
0     000836bc  ADCD_EVT_ISR                             
0     000836c6  CANA0_ISR                                
0     000836d0  CANA1_ISR                                
0     000836da  CANB0_ISR                                
0     000836e4  CANB1_ISR                                
0     000836ee  CIPC0_ISR                                
0     000836f8  CIPC1_ISR                                
0     00083702  CIPC2_ISR                                
0     0008370c  CIPC3_ISR                                
0     00083716  CLA1CRC_ISR                              
0     00083720  CLA1_1_ISR                               
0     0008372a  CLA1_2_ISR                               
0     00083734  CLA1_3_ISR                               
0     0008373e  CLA1_4_ISR                               
0     00083748  CLA1_5_ISR                               
0     00083752  CLA1_6_ISR                               
0     0008375c  CLA1_7_ISR                               
0     00083766  CLA1_8_ISR                               
0     00083770  CLA_OVERFLOW_ISR                         
0     0008377a  CLA_UNDERFLOW_ISR                        
0     00083784  CLB1_ISR                                 
0     0008378e  CLB2_ISR                                 
0     00083798  CLB3_ISR                                 
0     000837a2  CLB4_ISR                                 
0     000837ac  CLB5_ISR                                 
0     000837b6  CLB6_ISR                                 
0     000837c0  CLB7_ISR                                 
0     000837ca  CLB8_ISR                                 
0     000837d4  CMTOCPUXIPC0_ISR                         
0     000837de  CMTOCPUXIPC1_ISR                         
0     000837e8  CMTOCPUXIPC2_ISR                         
0     000837f2  CMTOCPUXIPC3_ISR                         
0     000837fc  CMTOCPUXIPC4_ISR                         
0     00083806  CMTOCPUXIPC5_ISR                         
0     00083810  CMTOCPUXIPC6_ISR                         
0     0008381a  CMTOCPUXIPC7_ISR                         
0     00083824  CM_STATUS_ISR                            
0     0008382e  CPUCRC_ISR                               
0     00083838  DATALOG_ISR                              
0     00083842  DMA_CH1_ISR                              
0     0008384c  DMA_CH2_ISR                              
0     00083856  DMA_CH3_ISR                              
0     00083860  DMA_CH4_ISR                              
0     0008386a  DMA_CH5_ISR                              
0     00083874  DMA_CH6_ISR                              
0     0008387e  ECAP1_ISR                                
0     00083888  ECAP2_ISR                                
0     00083892  ECAP3_ISR                                
0     0008389c  ECAP4_ISR                                
0     000838a6  ECAP5_ISR                                
0     000838b0  ECAP6_2_ISR                              
0     000838ba  ECAP6_ISR                                
0     000838c4  ECAP7_2_ISR                              
0     000838ce  ECAP7_ISR                                
0     000838d8  ECATRST_ISR                              
0     000838e2  ECATSYNC0_ISR                            
0     000838ec  ECATSYNC1_ISR                            
0     000838f6  ECAT_ISR                                 
0     00083900  EMU_ISR                                  
0     0008390a  EPWM10_ISR                               
0     00083914  EPWM10_TZ_ISR                            
0     0008391e  EPWM11_ISR                               
0     00083928  EPWM11_TZ_ISR                            
0     00083932  EPWM12_ISR                               
0     0008393c  EPWM12_TZ_ISR                            
0     00083946  EPWM13_ISR                               
0     00083950  EPWM13_TZ_ISR                            
0     0008395a  EPWM14_ISR                               
0     00083964  EPWM14_TZ_ISR                            
0     0008396e  EPWM15_ISR                               
0     00083978  EPWM15_TZ_ISR                            
0     00083982  EPWM16_ISR                               
0     0008398c  EPWM16_TZ_ISR                            
0     00083996  EPWM1_ISR                                
0     000839a0  EPWM1_TZ_ISR                             
0     000839aa  EPWM2_ISR                                
0     000839b4  EPWM2_TZ_ISR                             
0     000839be  EPWM3_ISR                                
0     000839c8  EPWM3_TZ_ISR                             
0     000839d2  EPWM4_ISR                                
0     000839dc  EPWM4_TZ_ISR                             
0     000839e6  EPWM5_ISR                                
0     000839f0  EPWM5_TZ_ISR                             
0     000839fa  EPWM6_ISR                                
0     00083a04  EPWM6_TZ_ISR                             
0     00083a0e  EPWM7_ISR                                
0     00083a18  EPWM7_TZ_ISR                             
0     00083a22  EPWM8_ISR                                
0     00083a2c  EPWM8_TZ_ISR                             
0     00083a36  EPWM9_ISR                                
0     00083a40  EPWM9_TZ_ISR                             
0     00083a4a  EQEP1_ISR                                
0     00083a54  EQEP2_ISR                                
0     00083a5e  EQEP3_ISR                                
0     00083a68  FMC_ISR                                  
0     00083a72  FPU_OFLOW_ISR                            
0     00083a7c  FPU_UFLOW_ISR                            
0     00083a86  FSIRXA1_ISR                              
0     00083a90  FSIRXA2_ISR                              
0     00083a9a  FSIRXB1_ISR                              
0     00083aa4  FSIRXB2_ISR                              
0     00083aae  FSIRXC1_ISR                              
0     00083ab8  FSIRXC2_ISR                              
0     00083ac2  FSIRXD1_ISR                              
0     00083acc  FSIRXD2_ISR                              
0     00083ad6  FSIRXE1_ISR                              
0     00083ae0  FSIRXE2_ISR                              
0     00083aea  FSIRXF1_ISR                              
0     00083af4  FSIRXF2_ISR                              
0     00083afe  FSIRXG1_ISR                              
0     00083b08  FSIRXG2_ISR                              
0     00083b12  FSIRXH1_ISR                              
0     00083b1c  FSIRXH2_ISR                              
0     00083b26  FSITXA1_ISR                              
0     00083b30  FSITXA2_ISR                              
0     00083b3a  FSITXB1_ISR                              
0     00083b44  FSITXB2_ISR                              
0     00083b4e  I2CA_FIFO_ISR                            
0     00083b58  I2CA_HIGH_ISR                            
0     00083b62  I2CA_ISR                                 
0     00083b6c  I2CB_FIFO_ISR                            
0     00083b76  I2CB_ISR                                 
0     00083b80  ILLEGAL_ISR                              
0     00083b8a  Interrupt_illegalOperationHandler        
0     00083b94  Interrupt_nmiHandler                     
0     00083b9e  MCANA_0_ISR                              
0     00083ba8  MCANA_1_ISR                              
0     00083bb2  MCANA_ECC_ISR                            
0     00083bbc  MCANA_WAKE_ISR                           
0     00083bc6  MCBSPA_RX_ISR                            
0     00083bd0  MCBSPA_TX_ISR                            
0     00083bda  MCBSPB_RX_ISR                            
0     00083be4  MCBSPB_TX_ISR                            
0     00083bee  MPOST_ISR                                
0     00083bf8  NMI_ISR                                  
0     00083c02  NOTUSED_ISR                              
0     00083c0c  PIE_RESERVED_ISR                         
0     00083c16  PMBUSA_ISR                               
0     00083c20  RTOS_ISR                                 
0     00083c2a  SCIA_RX_ISR                              
0     00083c34  SCIA_TX_ISR                              
0     00083c3e  SCIB_RX_ISR                              
0     00083c48  SCIB_TX_ISR                              
0     00083c52  SCIC_RX_ISR                              
0     00083c5c  SCIC_TX_ISR                              
0     00083c66  SCID_RX_ISR                              
0     00083c70  SCID_TX_ISR                              
0     00083c7a  SDFM1DR1_ISR                             
0     00083c84  SDFM1DR2_ISR                             
0     00083c8e  SDFM1DR3_ISR                             
0     00083c98  SDFM1DR4_ISR                             
0     00083ca2  SDFM1_ISR                                
0     00083cac  SDFM2DR1_ISR                             
0     00083cb6  SDFM2DR2_ISR                             
0     00083cc0  SDFM2DR3_ISR                             
0     00083cca  SDFM2DR4_ISR                             
0     00083cd4  SDFM2_ISR                                
0     00083cde  SPIA_RX_ISR                              
0     00083ce8  SPIA_TX_ISR                              
0     00083cf2  SPIB_RX_ISR                              
0     00083cfc  SPIB_TX_ISR                              
0     00083d06  SPIC_RX_ISR                              
0     00083d10  SPIC_TX_ISR                              
0     00083d1a  SPID_RX_ISR                              
0     00083d24  SPID_TX_ISR                              
0     00083d2e  SYS_ERR_ISR                              
0     00083d38  TIMER0_ISR                               
0     00083d42  TIMER1_ISR                               
0     00083d4c  TIMER2_ISR                               
0     00083d56  USBA_ISR                                 
0     00083d60  USER10_ISR                               
0     00083d6a  USER11_ISR                               
0     00083d74  USER12_ISR                               
0     00083d7e  USER1_ISR                                
0     00083d88  USER2_ISR                                
0     00083d92  USER3_ISR                                
0     00083d9c  USER4_ISR                                
0     00083da6  USER5_ISR                                
0     00083db0  USER6_ISR                                
0     00083dba  USER7_ISR                                
0     00083dc4  USER8_ISR                                
0     00083dce  USER9_ISR                                
0     00083dd8  WAKE_ISR                                 
0     00083de2  XINT1_ISR                                
0     00083dec  XINT2_ISR                                
0     00083df6  XINT3_ISR                                
0     00083e00  XINT4_ISR                                
0     00083e0a  XINT5_ISR                                
0     00083e14  _register_unlock                         
0     00083e18  _register_lock                           
0     00083e1c  _nop                                     
0     00083e1d  __TI_decompress_none                     
0     00083e2d  Initial_SCI                              
0     00083e3b  CPUTimer_setEmulationMode                
0     00083e52  _system_pre_init                         
0     00083e54  _system_post_cinit                       
0     00086000  RamfuncsLoadStart                        
0     00086659  RamfuncsLoadEnd                          
0     0008800e  __TI_Handler_Table_Base                  
0     00088014  __TI_Handler_Table_Limit                 
0     0008801c  __TI_CINIT_Base                          
0     00088028  __TI_CINIT_Limit                         
0     00088028  __TI_CINIT_Warm                          
0     00090000  PieVectTableInit                         
0     000901c0  IPC_Instance                             
1     00000ce0  PieCtrlRegs                              
1     00000d00  PieVectTable                             
1     00006100  SpiaRegs                                 
1     00007200  SciaRegs                                 
1     00007c00  GpioCtrlRegs                             
1     0005d000  DevCfgRegs                               
1     0005d300  CpuSysRegs                               
abs   00000200  __TI_STACK_SIZE                          
abs   00000659  RamfuncsLoadSize                         
abs   00000659  RamfuncsRunSize                          
abs   ffffffff  __TI_pprof_out_hndl                      
abs   ffffffff  __TI_prof_data_size                      
abs   ffffffff  __TI_prof_data_start                     
n/a   UNDEFED   __c_args__                               

[363 symbols]
